Archive member included to satisfy reference by file (symbol)

/home/himanshu/ESL/gcc-arm-none-eabi/bin/../lib/gcc/arm-none-eabi/5.4.1/../../../../arm-none-eabi/lib/armv6-m/libc_nano.a(lib_a-exit.o)
                              /home/himanshu/ESL/gcc-arm-none-eabi/bin/../lib/gcc/arm-none-eabi/5.4.1/../../../../arm-none-eabi/lib/armv6-m/crt0.o (exit)
/home/himanshu/ESL/gcc-arm-none-eabi/bin/../lib/gcc/arm-none-eabi/5.4.1/../../../../arm-none-eabi/lib/armv6-m/libc_nano.a(lib_a-impure.o)
                              /home/himanshu/ESL/gcc-arm-none-eabi/bin/../lib/gcc/arm-none-eabi/5.4.1/../../../../arm-none-eabi/lib/armv6-m/libc_nano.a(lib_a-exit.o) (_global_impure_ptr)
/home/himanshu/ESL/gcc-arm-none-eabi/bin/../lib/gcc/arm-none-eabi/5.4.1/../../../../arm-none-eabi/lib/armv6-m/libc_nano.a(lib_a-init.o)
                              /home/himanshu/ESL/gcc-arm-none-eabi/bin/../lib/gcc/arm-none-eabi/5.4.1/../../../../arm-none-eabi/lib/armv6-m/crt0.o (__libc_init_array)
/home/himanshu/ESL/gcc-arm-none-eabi/bin/../lib/gcc/arm-none-eabi/5.4.1/../../../../arm-none-eabi/lib/armv6-m/libc_nano.a(lib_a-memset.o)
                              /home/himanshu/ESL/gcc-arm-none-eabi/bin/../lib/gcc/arm-none-eabi/5.4.1/../../../../arm-none-eabi/lib/armv6-m/crt0.o (memset)
/home/himanshu/ESL/gcc-arm-none-eabi/bin/../lib/gcc/arm-none-eabi/5.4.1/../../../../arm-none-eabi/lib/armv6-m/libnosys.a(_exit.o)
                              /home/himanshu/ESL/gcc-arm-none-eabi/bin/../lib/gcc/arm-none-eabi/5.4.1/../../../../arm-none-eabi/lib/armv6-m/libc_nano.a(lib_a-exit.o) (_exit)
/home/himanshu/ESL/gcc-arm-none-eabi/bin/../lib/gcc/arm-none-eabi/5.4.1/../../../../arm-none-eabi/lib/armv6-m/libm.a(lib_a-s_fabs.o)
                              _build/inv_mpu.o (fabs)
/home/himanshu/ESL/gcc-arm-none-eabi/bin/../lib/gcc/arm-none-eabi/5.4.1/../../../../arm-none-eabi/lib/armv6-m/libm.a(lib_a-s_floor.o)
                              _build/logger.o (floor)
/home/himanshu/ESL/gcc-arm-none-eabi/bin/../lib/gcc/arm-none-eabi/5.4.1/../../../../arm-none-eabi/lib/armv6-m/libm.a(lib_a-w_asin.o)
                              _build/mpu_wrapper.o (asin)
/home/himanshu/ESL/gcc-arm-none-eabi/bin/../lib/gcc/arm-none-eabi/5.4.1/../../../../arm-none-eabi/lib/armv6-m/libm.a(lib_a-w_atan2.o)
                              _build/mpu_wrapper.o (atan2)
/home/himanshu/ESL/gcc-arm-none-eabi/bin/../lib/gcc/arm-none-eabi/5.4.1/../../../../arm-none-eabi/lib/armv6-m/libm.a(lib_a-w_sqrt.o)
                              _build/control.o (sqrt)
/home/himanshu/ESL/gcc-arm-none-eabi/bin/../lib/gcc/arm-none-eabi/5.4.1/../../../../arm-none-eabi/lib/armv6-m/libm.a(lib_a-e_asin.o)
                              /home/himanshu/ESL/gcc-arm-none-eabi/bin/../lib/gcc/arm-none-eabi/5.4.1/../../../../arm-none-eabi/lib/armv6-m/libm.a(lib_a-w_asin.o) (__ieee754_asin)
/home/himanshu/ESL/gcc-arm-none-eabi/bin/../lib/gcc/arm-none-eabi/5.4.1/../../../../arm-none-eabi/lib/armv6-m/libm.a(lib_a-e_atan2.o)
                              /home/himanshu/ESL/gcc-arm-none-eabi/bin/../lib/gcc/arm-none-eabi/5.4.1/../../../../arm-none-eabi/lib/armv6-m/libm.a(lib_a-w_atan2.o) (__ieee754_atan2)
/home/himanshu/ESL/gcc-arm-none-eabi/bin/../lib/gcc/arm-none-eabi/5.4.1/../../../../arm-none-eabi/lib/armv6-m/libm.a(lib_a-e_sqrt.o)
                              /home/himanshu/ESL/gcc-arm-none-eabi/bin/../lib/gcc/arm-none-eabi/5.4.1/../../../../arm-none-eabi/lib/armv6-m/libm.a(lib_a-w_sqrt.o) (__ieee754_sqrt)
/home/himanshu/ESL/gcc-arm-none-eabi/bin/../lib/gcc/arm-none-eabi/5.4.1/../../../../arm-none-eabi/lib/armv6-m/libm.a(lib_a-s_atan.o)
                              /home/himanshu/ESL/gcc-arm-none-eabi/bin/../lib/gcc/arm-none-eabi/5.4.1/../../../../arm-none-eabi/lib/armv6-m/libm.a(lib_a-e_atan2.o) (atan)
/home/himanshu/ESL/gcc-arm-none-eabi/bin/../lib/gcc/arm-none-eabi/5.4.1/../../../../arm-none-eabi/lib/armv6-m/libm.a(lib_a-s_lib_ver.o)
                              /home/himanshu/ESL/gcc-arm-none-eabi/bin/../lib/gcc/arm-none-eabi/5.4.1/../../../../arm-none-eabi/lib/armv6-m/libm.a(lib_a-w_asin.o) (__fdlib_version)
/home/himanshu/ESL/gcc-arm-none-eabi/bin/../lib/gcc/arm-none-eabi/5.4.1/../../../../arm-none-eabi/lib/armv6-m/libm.a(lib_a-s_matherr.o)
                              /home/himanshu/ESL/gcc-arm-none-eabi/bin/../lib/gcc/arm-none-eabi/5.4.1/../../../../arm-none-eabi/lib/armv6-m/libm.a(lib_a-w_asin.o) (matherr)
/home/himanshu/ESL/gcc-arm-none-eabi/bin/../lib/gcc/arm-none-eabi/5.4.1/../../../../arm-none-eabi/lib/armv6-m/libm.a(lib_a-s_nan.o)
                              /home/himanshu/ESL/gcc-arm-none-eabi/bin/../lib/gcc/arm-none-eabi/5.4.1/../../../../arm-none-eabi/lib/armv6-m/libm.a(lib_a-w_asin.o) (nan)
/home/himanshu/ESL/gcc-arm-none-eabi/bin/../lib/gcc/arm-none-eabi/5.4.1/armv6-m/libgcc.a(_udivsi3.o)
                              _build/inv_mpu.o (__aeabi_uidiv)
/home/himanshu/ESL/gcc-arm-none-eabi/bin/../lib/gcc/arm-none-eabi/5.4.1/armv6-m/libgcc.a(_divsi3.o)
[...]
Memory Configuration

Name             Origin             Length             Attributes
FLASH            0x00018000         0x00028000         xr
RAM              0x20002000         0x00002000         xrw
*default*        0x00000000         0xffffffff

Linker script and memory map

LOAD /home/himanshu/ESL/gcc-arm-none-eabi/bin/../lib/gcc/arm-none-eabi/5.4.1/armv6-m/crti.o
LOAD /home/himanshu/ESL/gcc-arm-none-eabi/bin/../lib/gcc/arm-none-eabi/5.4.1/armv6-m/crtbegin.o
LOAD /home/himanshu/ESL/gcc-arm-none-eabi/bin/../lib/gcc/arm-none-eabi/5.4.1/../../../../arm-none-eabi/lib/armv6-m/crt0.o
LOAD /home/himanshu/ESL/gcc-arm-none-eabi/bin/../lib/gcc/arm-none-eabi/5.4.1/../../../../arm-none-eabi/lib/armv6-m/libc_nano.a
LOAD /home/himanshu/ESL/gcc-arm-none-eabi/bin/../lib/gcc/arm-none-eabi/5.4.1/../../../../arm-none-eabi/lib/armv6-m/libnosys.a
LOAD /home/himanshu/ESL/gcc-arm-none-eabi/bin/../lib/gcc/arm-none-eabi/5.4.1/../../../../arm-none-eabi/lib/armv6-m/libm.a
LOAD _build/system_nrf51.o
LOAD _build/nrf_delay.o
LOAD _build/in4073.o
LOAD _build/control.o
LOAD _build/crc.o
LOAD _build/logger.o
LOAD _build/logreader.o
LOAD _build/gpio.o
LOAD _build/timers.o
LOAD _build/uart.o
LOAD _build/queue.o
LOAD _build/twi.o
LOAD _build/adc.o
LOAD _build/baro.o
LOAD _build/ble.o
LOAD _build/spi_flash.o
LOAD _build/inv_mpu.o
LOAD _build/inv_mpu_dmp_motion_driver.o
LOAD _build/ml.o
LOAD _build/mpu_wrapper.o
LOAD _build/app_error.o
LOAD _build/app_timer.o
LOAD _build/nrf_assert.o
LOAD _build/nrf_drv_common.o
LOAD _build/pstorage.o
LOAD _build/ble_advdata.o
LOAD _build/ble_advertising.o
LOAD _build/ble_conn_params.o
LOAD _build/ble_nus.o
LOAD _build/ble_srv_common.o
LOAD _build/softdevice_handler.o
LOAD _build/gcc_startup_nrf51.o
LOAD /home/himanshu/ESL/gcc-arm-none-eabi/bin/../lib/gcc/arm-none-eabi/5.4.1/../../../../arm-none-eabi/lib/armv6-m/libm.a
START GROUP
LOAD /home/himanshu/ESL/gcc-arm-none-eabi/bin/../lib/gcc/arm-none-eabi/5.4.1/armv6-m/libgcc.a
LOAD /home/himanshu/ESL/gcc-arm-none-eabi/bin/../lib/gcc/arm-none-eabi/5.4.1/../../../../arm-none-eabi/lib/armv6-m/libc_nano.a
END GROUP
START GROUP
LOAD /home/himanshu/ESL/gcc-arm-none-eabi/bin/../lib/gcc/arm-none-eabi/5.4.1/armv6-m/libgcc.a
LOAD /home/himanshu/ESL/gcc-arm-none-eabi/bin/../lib/gcc/arm-none-eabi/5.4.1/../../../../arm-none-eabi/lib/armv6-m/libc_nano.a
END GROUP
LOAD /home/himanshu/ESL/gcc-arm-none-eabi/bin/../lib/gcc/arm-none-eabi/5.4.1/armv6-m/crtend.o
LOAD /home/himanshu/ESL/gcc-arm-none-eabi/bin/../lib/gcc/arm-none-eabi/5.4.1/armv6-m/crtn.o
START GROUP
LOAD /home/himanshu/ESL/gcc-arm-none-eabi/bin/../lib/gcc/arm-none-eabi/5.4.1/armv6-m/libgcc.a
LOAD /home/himanshu/ESL/gcc-arm-none-eabi/bin/../lib/gcc/arm-none-eabi/5.4.1/../../../../arm-none-eabi/lib/armv6-m/libc.a
LOAD /home/himanshu/ESL/gcc-arm-none-eabi/bin/../lib/gcc/arm-none-eabi/5.4.1/../../../../arm-none-eabi/lib/armv6-m/libnosys.a
END GROUP

.fs_data_out    0x00000000        0x0
                [!provide]                PROVIDE (__start_fs_data, .)
 *(fs_data)
                [!provide]                PROVIDE (__stop_fs_data, .)

.text           0x00018000     0xb7fc
 *(.Vectors)
 .Vectors       0x00018000       0xc0 _build/gcc_startup_nrf51.o
                0x00018000                __Vectors
 *(.text*)
 .text          0x000180c0       0x60 /home/himanshu/ESL/gcc-arm-none-eabi/bin/../lib/gcc/arm-none-eabi/5.4.1/armv6-m/crtbegin.o
 .text          0x00018120       0x78 /home/himanshu/ESL/gcc-arm-none-eabi/bin/../lib/gcc/arm-none-eabi/5.4.1/../../../../arm-none-eabi/lib/armv6-m/crt0.o
                0x00018120                _mainCRTStartup
                0x00018120                _start
 .text.exit     0x00018198       0x2c /home/himanshu/ESL/gcc-arm-none-eabi/bin/../lib/gcc/arm-none-eabi/5.4.1/../../../../arm-none-eabi/lib/armv6-m/libc_nano.a(lib_a-exit.o)
                0x00018198                exit
 .text.__libc_init_array
                0x000181c4       0x4c /home/himanshu/ESL/gcc-arm-none-eabi/bin/../lib/gcc/arm-none-eabi/5.4.1/../../../../arm-none-eabi/lib/armv6-m/libc_nano.a(lib_a-init.o)
                0x000181c4                __libc_init_array
 .text.memset   0x00018210       0x10 /home/himanshu/ESL/gcc-arm-none-eabi/bin/../lib/gcc/arm-none-eabi/5.4.1/../../../../arm-none-eabi/lib/armv6-m/libc_nano.a(lib_a-memset.o)
                0x00018210                memset
 .text._exit    0x00018220        0x4 /home/himanshu/ESL/gcc-arm-none-eabi/bin/../lib/gcc/arm-none-eabi/5.4.1/../../../../arm-none-eabi/lib/armv6-m/libnosys.a(_exit.o)
                0x00018220                _exit
 .text.SystemInit
                0x00018224       0x94 _build/system_nrf51.o
                0x00018224                SystemInit
 .text.nrf_delay_ms
                0x000182b8       0x3c _build/nrf_delay.o
                0x000182b8                nrf_delay_ms
 .text.check_battery
                0x000182f4       0x90 _build/in4073.o
                0x000182f4                check_battery
 .text.startup.main
                0x00018384      0x3ec _build/in4073.o
                0x00018384                main
 .text.convert_to_rpm
                0x00018770      0x158 _build/control.o
                0x00018770                convert_to_rpm
 .text.butterworth_filter
                0x000188c8      0x108 _build/control.o
                0x000188c8                butterworth_filter
 .text.kalman_filter
                0x000189d0      0x264 _build/control.o
                0x000189d0                kalman_filter
 .text.yaw_control
                0x00018c34       0xf4 _build/control.o
                0x00018c34                yaw_control
 .text.full_control
                0x00018d28      0x1e0 _build/control.o
                0x00018d28                full_control
 .text.raw_mode
                0x00018f08      0x200 _build/control.o
                0x00018f08                raw_mode
 .text.height_control
                0x00019108      0x28c _build/control.o
                0x00019108                height_control
 .text.run_control
                0x00019394      0x4e4 _build/control.o
                0x00019394                run_control
 .text.make_crc8_tabled
                0x00019878       0x44 _build/crc.o
                0x00019878                make_crc8_tabled
 .text.log_read_entry.part.1
                0x000198bc       0xb0 _build/logger.o
 .text.log_init
                0x0001996c       0x64 _build/logger.o
                0x0001996c                log_init
 .text.log_write
                0x000199d0      0x164 _build/logger.o
                0x000199d0                log_write
 .text.log_dump
                0x00019b34       0xfc _build/logger.o
                0x00019b34                log_dump
 .text.logger_main
                0x00019c30      0x104 _build/logger.o
                0x00019c30                logger_main
 .text.gpio_init
                0x00019d34       0x8c _build/gpio.o
                0x00019d34                gpio_init
 .text.quadrupel_timer_handler
                0x00019dc0        0xc _build/timers.o
                0x00019dc0                quadrupel_timer_handler
 .text.TIMER2_IRQHandler
                0x00019dcc       0xb8 _build/timers.o
                0x00019dcc                TIMER2_IRQHandler
 .text.TIMER1_IRQHandler
                0x00019e84       0xac _build/timers.o
                0x00019e84                TIMER1_IRQHandler
 .text.get_time_us
                0x00019f30       0x20 _build/timers.o
                0x00019f30                get_time_us
 .text.check_timer_flag
                0x00019f50        0xc _build/timers.o
                0x00019f50                check_timer_flag
 .text.clear_timer_flag
                0x00019f5c        0xc _build/timers.o
                0x00019f5c                clear_timer_flag
 .text.timers_init
                0x00019f68      0x1d0 _build/timers.o
                0x00019f68                timers_init
 .text.uart_put
                0x0001a138       0x44 _build/uart.o
                0x0001a138                uart_put
 .text._write   0x0001a17c       0x84 _build/uart.o
                0x0001a17c                _write
 .text.UART0_IRQHandler
                0x0001a200       0x84 _build/uart.o
                0x0001a200                UART0_IRQHandler
 .text.uart_init
                0x0001a284       0xa0 _build/uart.o
                0x0001a284                uart_init
 .text.init_queue
                0x0001a324       0x14 _build/queue.o
                0x0001a324                init_queue
 .text.enqueue  0x0001a338       0x1c _build/queue.o
                0x0001a338                enqueue
 .text.dequeue  0x0001a354       0x20 _build/queue.o
                0x0001a354                dequeue
 .text.i2c_read
                0x0001a374       0xc0 _build/twi.o
                0x0001a374                i2c_read
 .text.i2c_write
                0x0001a434       0x70 _build/twi.o
                0x0001a434                i2c_write
 .text.SPI0_TWI0_IRQHandler
                0x0001a4a4       0x70 _build/twi.o
                0x0001a4a4                SPI0_TWI0_IRQHandler
 .text.twi_init
                0x0001a514       0x84 _build/twi.o
                0x0001a514                twi_init
 .text.adc_request_sample
                0x0001a598       0x18 _build/adc.o
                0x0001a598                adc_request_sample
 .text.ADC_IRQHandler
                0x0001a5b0       0x24 _build/adc.o
                0x0001a5b0                ADC_IRQHandler
 .text.adc_init
                0x0001a5d4       0x3c _build/adc.o
                0x0001a5d4                adc_init
 .text.read_baro
                0x0001a610      0x1b4 _build/baro.o
                0x0001a610                read_baro
 .text.baro_init
                0x0001a7c4       0x34 _build/baro.o
                0x0001a7c4                baro_init
 .text.SWI1_IRQHandler
                0x0001a7f8       0x10 _build/ble.o
                0x0001a7f8                SWI1_IRQHandler
 .text.flash_4k_sector_erase
                0x0001a808      0x108 _build/spi_flash.o
                0x0001a808                flash_4k_sector_erase
 .text.flash_write_bytes
                0x0001a910      0x248 _build/spi_flash.o
                0x0001a910                flash_write_bytes
 .text.flash_read_bytes
                0x0001ab58       0xf0 _build/spi_flash.o
                0x0001ab58                flash_read_bytes
 .text.spi_flash_init
                0x0001ac48      0x230 _build/spi_flash.o
                0x0001ac48                spi_flash_init
 .text.mpu_reset_fifo
                0x0001ae78      0x15c _build/inv_mpu.o
                0x0001ae78                mpu_reset_fifo
 .text.mpu_lp_accel_mode
                0x0001afd4      0x1b8 _build/inv_mpu.o
                0x0001afd4                mpu_lp_accel_mode
 .text.mpu_get_accel_fsr
                0x0001b18c       0x4c _build/inv_mpu.o
                0x0001b18c                mpu_get_accel_fsr
 .text.mpu_set_lpf
                0x0001b1d8       0x78 _build/inv_mpu.o
                0x0001b1d8                mpu_set_lpf
 .text.mpu_set_sample_rate
                0x0001b250      0x168 _build/inv_mpu.o
                0x0001b250                mpu_set_sample_rate
 .text.mpu_configure_fifo
                0x0001b3b8       0xd0 _build/inv_mpu.o
                0x0001b3b8                mpu_configure_fifo
 .text.mpu_set_sensors
                0x0001b488      0x140 _build/inv_mpu.o
                0x0001b488                mpu_set_sensors
 .text.mpu_init
                0x0001b5c8      0x1f4 _build/inv_mpu.o
                0x0001b5c8                mpu_init
 .text.mpu_read_fifo
                0x0001b7bc      0x26c _build/inv_mpu.o
                0x0001b7bc                mpu_read_fifo
 .text.mpu_read_fifo_stream
                0x0001ba28       0xb0 _build/inv_mpu.o
                0x0001ba28                mpu_read_fifo_stream
 .text.mpu_set_int_level
                0x0001bad8       0x10 _build/inv_mpu.o
                0x0001bad8                mpu_set_int_level
 .text.mpu_set_int_latched
                0x0001bae8       0x68 _build/inv_mpu.o
                0x0001bae8                mpu_set_int_latched
 .text.mpu_write_mem
                0x0001bb50       0x58 _build/inv_mpu.o
                0x0001bb50                mpu_write_mem
 .text.mpu_load_firmware
                0x0001bba8      0x15c _build/inv_mpu.o
                0x0001bba8                mpu_load_firmware
 .text.mpu_set_dmp_state
                0x0001bd04      0x174 _build/inv_mpu.o
                0x0001bd04                mpu_set_dmp_state
 .text.dmp_load_motion_driver_firmware
                0x0001be78       0x1c _build/inv_mpu_dmp_motion_driver.o
                0x0001be78                dmp_load_motion_driver_firmware
 .text.dmp_set_orientation
                0x0001be94      0x118 _build/inv_mpu_dmp_motion_driver.o
                0x0001be94                dmp_set_orientation
 .text.dmp_set_fifo_rate
                0x0001bfac       0x64 _build/inv_mpu_dmp_motion_driver.o
                0x0001bfac                dmp_set_fifo_rate
 .text.dmp_set_tap_thresh
                0x0001c010      0x164 _build/inv_mpu_dmp_motion_driver.o
                0x0001c010                dmp_set_tap_thresh
 .text.dmp_enable_feature
                0x0001c174      0x28c _build/inv_mpu_dmp_motion_driver.o
                0x0001c174                dmp_enable_feature
 .text.dmp_read_fifo
                0x0001c400      0x20c _build/inv_mpu_dmp_motion_driver.o
                0x0001c400                dmp_read_fifo
 .text.inv_orientation_matrix_to_scalar
                0x0001c60c      0x11c _build/ml.o
                0x0001c60c                inv_orientation_matrix_to_scalar
 .text.get_dmp_data
                0x0001c728      0x218 _build/mpu_wrapper.o
                0x0001c728                get_dmp_data
 .text.get_raw_sensor_data
                0x0001c940       0x88 _build/mpu_wrapper.o
                0x0001c940                get_raw_sensor_data
 .text.check_sensor_int_flag
                0x0001c9c8       0x20 _build/mpu_wrapper.o
                0x0001c9c8                check_sensor_int_flag
 .text.imu_init
                0x0001c9e8      0x10c _build/mpu_wrapper.o
                0x0001c9e8                imu_init
 .text.app_error_handler
                0x0001caf4       0x40 _build/app_error.o
                0x0001caf4                app_error_handler
 .text.rtc1_stop
                0x0001cb34       0x78 _build/app_timer.o
 .text.RTC1_IRQHandler
                0x0001cbac       0xe0 _build/app_timer.o
                0x0001cbac                RTC1_IRQHandler
 .text.SWI0_IRQHandler
                0x0001cc8c      0x4cc _build/app_timer.o
                0x0001cc8c                SWI0_IRQHandler
 .text.app_timer_init
                0x0001d158       0xe4 _build/app_timer.o
                0x0001d158                app_timer_init
 .text.app_timer_create
                0x0001d23c       0x34 _build/app_timer.o
                0x0001d23c                app_timer_create
 .text.app_timer_start
                0x0001d270       0xec _build/app_timer.o
                0x0001d270                app_timer_start
 .text.sd_evt_get
                0x0001d35c        0x4 _build/softdevice_handler.o
 .text.sd_ble_evt_get
                0x0001d360        0x4 _build/softdevice_handler.o
 .text.intern_softdevice_events_execute.part.0
                0x0001d364       0xec _build/softdevice_handler.o
 .text.SWI2_IRQHandler
                0x0001d450       0x34 _build/softdevice_handler.o
                0x0001d450                SWI2_IRQHandler
 .text          0x0001d484       0x54 _build/gcc_startup_nrf51.o
                0x0001d484                Reset_Handler
                0x0001d4cc                NMI_Handler
                0x0001d4ce                HardFault_Handler
                0x0001d4d0                SVC_Handler
                0x0001d4d2                PendSV_Handler
                0x0001d4d4                SysTick_Handler
                0x0001d4d6                RTC0_IRQHandler
                0x0001d4d6                GPIOTE_IRQHandler
                0x0001d4d6                POWER_CLOCK_IRQHandler
                0x0001d4d6                RADIO_IRQHandler
                0x0001d4d6                LPCOMP_IRQHandler
                0x0001d4d6                SWI4_IRQHandler
                0x0001d4d6                TEMP_IRQHandler
                0x0001d4d6                QDEC_IRQHandler
                0x0001d4d6                SWI5_IRQHandler
                0x0001d4d6                TIMER0_IRQHandler
                0x0001d4d6                ECB_IRQHandler
                0x0001d4d6                Default_Handler
                0x0001d4d6                SWI3_IRQHandler
                0x0001d4d6                CCM_AAR_IRQHandler
                0x0001d4d6                WDT_IRQHandler
                0x0001d4d6                RNG_IRQHandler
                0x0001d4d6                SPI1_TWI1_IRQHandler
 .text.fabs     0x0001d4d8        0x8 /home/himanshu/ESL/gcc-arm-none-eabi/bin/../lib/gcc/arm-none-eabi/5.4.1/../../../../arm-none-eabi/lib/armv6-m/libm.a(lib_a-s_fabs.o)
                0x0001d4d8                fabs
 .text.floor    0x0001d4e0      0x130 /home/himanshu/ESL/gcc-arm-none-eabi/bin/../lib/gcc/arm-none-eabi/5.4.1/../../../../arm-none-eabi/lib/armv6-m/libm.a(lib_a-s_floor.o)
                0x0001d4e0                floor
 .text.asin     0x0001d610       0xc4 /home/himanshu/ESL/gcc-arm-none-eabi/bin/../lib/gcc/arm-none-eabi/5.4.1/../../../../arm-none-eabi/lib/armv6-m/libm.a(lib_a-w_asin.o)
                0x0001d610                asin
 .text.atan2    0x0001d6d4        0x8 /home/himanshu/ESL/gcc-arm-none-eabi/bin/../lib/gcc/arm-none-eabi/5.4.1/../../../../arm-none-eabi/lib/armv6-m/libm.a(lib_a-w_atan2.o)
                0x0001d6d4                atan2
 .text.sqrt     0x0001d6dc       0xc0 /home/himanshu/ESL/gcc-arm-none-eabi/bin/../lib/gcc/arm-none-eabi/5.4.1/../../../../arm-none-eabi/lib/armv6-m/libm.a(lib_a-w_sqrt.o)
                0x0001d6dc                sqrt
 .text.__ieee754_asin
                0x0001d79c      0x3cc /home/himanshu/ESL/gcc-arm-none-eabi/bin/../lib/gcc/arm-none-eabi/5.4.1/../../../../arm-none-eabi/lib/armv6-m/libm.a(lib_a-e_asin.o)
                0x0001d79c                __ieee754_asin
 .text.__ieee754_atan2
                0x0001db68      0x178 /home/himanshu/ESL/gcc-arm-none-eabi/bin/../lib/gcc/arm-none-eabi/5.4.1/../../../../arm-none-eabi/lib/armv6-m/libm.a(lib_a-e_atan2.o)
                0x0001db68                __ieee754_atan2
 .text.__ieee754_sqrt
                0x0001dce0      0x1ec /home/himanshu/ESL/gcc-arm-none-eabi/bin/../lib/gcc/arm-none-eabi/5.4.1/../../../../arm-none-eabi/lib/armv6-m/libm.a(lib_a-e_sqrt.o)
                0x0001dce0                __ieee754_sqrt
 .text.atan     0x0001decc      0x33c /home/himanshu/ESL/gcc-arm-none-eabi/bin/../lib/gcc/arm-none-eabi/5.4.1/../../../../arm-none-eabi/lib/armv6-m/libm.a(lib_a-s_atan.o)
                0x0001decc                atan
 .text.matherr  0x0001e208        0x4 /home/himanshu/ESL/gcc-arm-none-eabi/bin/../lib/gcc/arm-none-eabi/5.4.1/../../../../arm-none-eabi/lib/armv6-m/libm.a(lib_a-s_matherr.o)
                0x0001e208                matherr
 .text.nan      0x0001e20c        0xc /home/himanshu/ESL/gcc-arm-none-eabi/bin/../lib/gcc/arm-none-eabi/5.4.1/../../../../arm-none-eabi/lib/armv6-m/libm.a(lib_a-s_nan.o)
                0x0001e20c                nan
 .text          0x0001e218      0x114 /home/himanshu/ESL/gcc-arm-none-eabi/bin/../lib/gcc/arm-none-eabi/5.4.1/armv6-m/libgcc.a(_udivsi3.o)
                0x0001e218                __udivsi3
                0x0001e218                __aeabi_uidiv
                0x0001e324                __aeabi_uidivmod
 .text          0x0001e32c      0x1d4 /home/himanshu/ESL/gcc-arm-none-eabi/bin/../lib/gcc/arm-none-eabi/5.4.1/armv6-m/libgcc.a(_divsi3.o)
                0x0001e32c                __aeabi_idiv
                0x0001e32c                __divsi3
                0x0001e4f8                __aeabi_idivmod
 .text          0x0001e500        0x4 /home/himanshu/ESL/gcc-arm-none-eabi/bin/../lib/gcc/arm-none-eabi/5.4.1/armv6-m/libgcc.a(_dvmd_tls.o)
                0x0001e500                __aeabi_ldiv0
                0x0001e500                __aeabi_idiv0
 .text          0x0001e504       0x7c /home/himanshu/ESL/gcc-arm-none-eabi/bin/../lib/gcc/arm-none-eabi/5.4.1/armv6-m/libgcc.a(_arm_cmpdf2.o)
                0x0001e504                __aeabi_cdrcmple
                0x0001e514                __aeabi_cdcmple
                0x0001e514                __aeabi_cdcmpeq
                0x0001e524                __aeabi_dcmpeq
                0x0001e530                __aeabi_dcmplt
                0x0001e544                __aeabi_dcmple
                0x0001e558                __aeabi_dcmpgt
                0x0001e56c                __aeabi_dcmpge
 .text          0x0001e580       0x74 /home/himanshu/ESL/gcc-arm-none-eabi/bin/../lib/gcc/arm-none-eabi/5.4.1/armv6-m/libgcc.a(_arm_cmpsf2.o)
                0x0001e580                __aeabi_cfrcmple
                0x0001e588                __aeabi_cfcmple
                0x0001e588                __aeabi_cfcmpeq
                0x0001e598                __aeabi_fcmpeq
                0x0001e5a4                __aeabi_fcmplt
                0x0001e5b8                __aeabi_fcmple
                0x0001e5cc                __aeabi_fcmpgt
                0x0001e5e0                __aeabi_fcmpge
 .text          0x0001e5f4       0x58 /home/himanshu/ESL/gcc-arm-none-eabi/bin/../lib/gcc/arm-none-eabi/5.4.1/armv6-m/libgcc.a(_muldi3.o)
                0x0001e5f4                __aeabi_lmul
                0x0001e5f4                __muldi3
 .text          0x0001e64c       0x30 /home/himanshu/ESL/gcc-arm-none-eabi/bin/../lib/gcc/arm-none-eabi/5.4.1/armv6-m/libgcc.a(_fixunssfsi.o)
                0x0001e64c                __aeabi_f2uiz
                0x0001e64c                __fixunssfsi
 .text          0x0001e67c       0x3c /home/himanshu/ESL/gcc-arm-none-eabi/bin/../lib/gcc/arm-none-eabi/5.4.1/armv6-m/libgcc.a(_fixunsdfsi.o)
                0x0001e67c                __fixunsdfsi
                0x0001e67c                __aeabi_d2uiz
 .text          0x0001e6b8      0x2ec /home/himanshu/ESL/gcc-arm-none-eabi/bin/../lib/gcc/arm-none-eabi/5.4.1/armv6-m/libgcc.a(addsf3.o)
                0x0001e6b8                __aeabi_fadd
 .text          0x0001e9a4      0x234 /home/himanshu/ESL/gcc-arm-none-eabi/bin/../lib/gcc/arm-none-eabi/5.4.1/armv6-m/libgcc.a(divsf3.o)
                0x0001e9a4                __aeabi_fdiv
 .text          0x0001ebd8       0x50 /home/himanshu/ESL/gcc-arm-none-eabi/bin/../lib/gcc/arm-none-eabi/5.4.1/armv6-m/libgcc.a(eqsf2.o)
                0x0001ebd8                __nesf2
                0x0001ebd8                __eqsf2
 .text          0x0001ec28       0x88 /home/himanshu/ESL/gcc-arm-none-eabi/bin/../lib/gcc/arm-none-eabi/5.4.1/armv6-m/libgcc.a(gesf2.o)
                0x0001ec28                __gtsf2
                0x0001ec28                __gesf2
 .text          0x0001ecb0       0x88 /home/himanshu/ESL/gcc-arm-none-eabi/bin/../lib/gcc/arm-none-eabi/5.4.1/armv6-m/libgcc.a(lesf2.o)
                0x0001ecb0                __lesf2
                0x0001ecb0                __ltsf2
 .text          0x0001ed38      0x228 /home/himanshu/ESL/gcc-arm-none-eabi/bin/../lib/gcc/arm-none-eabi/5.4.1/armv6-m/libgcc.a(mulsf3.o)
                0x0001ed38                __aeabi_fmul
 .text          0x0001ef60      0x30c /home/himanshu/ESL/gcc-arm-none-eabi/bin/../lib/gcc/arm-none-eabi/5.4.1/armv6-m/libgcc.a(subsf3.o)
                0x0001ef60                __aeabi_fsub
 .text          0x0001f26c       0x44 /home/himanshu/ESL/gcc-arm-none-eabi/bin/../lib/gcc/arm-none-eabi/5.4.1/armv6-m/libgcc.a(fixsfsi.o)
                0x0001f26c                __aeabi_f2iz
 .text          0x0001f2b0       0x90 /home/himanshu/ESL/gcc-arm-none-eabi/bin/../lib/gcc/arm-none-eabi/5.4.1/armv6-m/libgcc.a(floatsisf.o)
                0x0001f2b0                __aeabi_i2f
 .text          0x0001f340       0x7c /home/himanshu/ESL/gcc-arm-none-eabi/bin/../lib/gcc/arm-none-eabi/5.4.1/armv6-m/libgcc.a(floatunsisf.o)
                0x0001f340                __aeabi_ui2f
 .text          0x0001f3bc      0x658 /home/himanshu/ESL/gcc-arm-none-eabi/bin/../lib/gcc/arm-none-eabi/5.4.1/armv6-m/libgcc.a(adddf3.o)
                0x0001f3bc                __aeabi_dadd
 .text          0x0001fa14      0x62c /home/himanshu/ESL/gcc-arm-none-eabi/bin/../lib/gcc/arm-none-eabi/5.4.1/armv6-m/libgcc.a(divdf3.o)
                0x0001fa14                __aeabi_ddiv
 .text          0x00020040       0x80 /home/himanshu/ESL/gcc-arm-none-eabi/bin/../lib/gcc/arm-none-eabi/5.4.1/armv6-m/libgcc.a(eqdf2.o)
                0x00020040                __eqdf2
                0x00020040                __nedf2
 .text          0x000200c0       0xc8 /home/himanshu/ESL/gcc-arm-none-eabi/bin/../lib/gcc/arm-none-eabi/5.4.1/armv6-m/libgcc.a(gedf2.o)
                0x000200c0                __gtdf2
                0x000200c0                __gedf2
 .text          0x00020188       0xd4 /home/himanshu/ESL/gcc-arm-none-eabi/bin/../lib/gcc/arm-none-eabi/5.4.1/armv6-m/libgcc.a(ledf2.o)
                0x00020188                __ltdf2
                0x00020188                __ledf2
 .text          0x0002025c      0x4f4 /home/himanshu/ESL/gcc-arm-none-eabi/bin/../lib/gcc/arm-none-eabi/5.4.1/armv6-m/libgcc.a(muldf3.o)
                0x0002025c                __aeabi_dmul
 .text          0x00020750      0x6a8 /home/himanshu/ESL/gcc-arm-none-eabi/bin/../lib/gcc/arm-none-eabi/5.4.1/armv6-m/libgcc.a(subdf3.o)
                0x00020750                __aeabi_dsub
 .text          0x00020df8       0x40 /home/himanshu/ESL/gcc-arm-none-eabi/bin/../lib/gcc/arm-none-eabi/5.4.1/armv6-m/libgcc.a(unorddf2.o)
                0x00020df8                __aeabi_dcmpun
 .text          0x00020e38       0x6c /home/himanshu/ESL/gcc-arm-none-eabi/bin/../lib/gcc/arm-none-eabi/5.4.1/armv6-m/libgcc.a(fixdfsi.o)
                0x00020e38                __aeabi_d2iz
 .text          0x00020ea4       0x84 /home/himanshu/ESL/gcc-arm-none-eabi/bin/../lib/gcc/arm-none-eabi/5.4.1/armv6-m/libgcc.a(floatsidf.o)
                0x00020ea4                __aeabi_i2d
 .text          0x00020f28       0x70 /home/himanshu/ESL/gcc-arm-none-eabi/bin/../lib/gcc/arm-none-eabi/5.4.1/armv6-m/libgcc.a(floatunsidf.o)
                0x00020f28                __aeabi_ui2d
 .text          0x00020f98       0xa8 /home/himanshu/ESL/gcc-arm-none-eabi/bin/../lib/gcc/arm-none-eabi/5.4.1/armv6-m/libgcc.a(extendsfdf2.o)
                0x00020f98                __aeabi_f2d
 .text          0x00021040       0x3c /home/himanshu/ESL/gcc-arm-none-eabi/bin/../lib/gcc/arm-none-eabi/5.4.1/armv6-m/libgcc.a(_clzsi2.o)
                0x00021040                __clzsi2
 .text.__errno  0x0002107c        0xc /home/himanshu/ESL/gcc-arm-none-eabi/bin/../lib/gcc/arm-none-eabi/5.4.1/../../../../arm-none-eabi/lib/armv6-m/libc_nano.a(lib_a-errno.o)
                0x0002107c                __errno
 .text.__swhatbuf_r
                0x00021088       0x4c /home/himanshu/ESL/gcc-arm-none-eabi/bin/../lib/gcc/arm-none-eabi/5.4.1/../../../../arm-none-eabi/lib/armv6-m/libc_nano.a(lib_a-makebuf.o)
                0x00021088                __swhatbuf_r
 .text.__smakebuf_r
                0x000210d4       0x7c /home/himanshu/ESL/gcc-arm-none-eabi/bin/../lib/gcc/arm-none-eabi/5.4.1/../../../../arm-none-eabi/lib/armv6-m/libc_nano.a(lib_a-makebuf.o)
                0x000210d4                __smakebuf_r
 .text.memcmp   0x00021150       0x1e /home/himanshu/ESL/gcc-arm-none-eabi/bin/../lib/gcc/arm-none-eabi/5.4.1/../../../../arm-none-eabi/lib/armv6-m/libc_nano.a(lib_a-memcmp.o)
                0x00021150                memcmp
 .text.memcpy   0x0002116e       0x12 /home/himanshu/ESL/gcc-arm-none-eabi/bin/../lib/gcc/arm-none-eabi/5.4.1/../../../../arm-none-eabi/lib/armv6-m/libc_nano.a(lib_a-memcpy-stub.o)
                0x0002116e                memcpy
 .text._free_r  0x00021180       0x98 /home/himanshu/ESL/gcc-arm-none-eabi/bin/../lib/gcc/arm-none-eabi/5.4.1/../../../../arm-none-eabi/lib/armv6-m/libc_nano.a(lib_a-nano-freer.o)
                0x00021180                _free_r
 .text._malloc_r
                0x00021218       0xc0 /home/himanshu/ESL/gcc-arm-none-eabi/bin/../lib/gcc/arm-none-eabi/5.4.1/../../../../arm-none-eabi/lib/armv6-m/libc_nano.a(lib_a-nano-mallocr.o)
                0x00021218                _malloc_r
 .text.__sfputc_r
                0x000212d8       0x2a /home/himanshu/ESL/gcc-arm-none-eabi/bin/../lib/gcc/arm-none-eabi/5.4.1/../../../../arm-none-eabi/lib/armv6-m/libc_nano.a(lib_a-nano-vfprintf.o)
 .text.__sfputs_r
                0x00021302       0x24 /home/himanshu/ESL/gcc-arm-none-eabi/bin/../lib/gcc/arm-none-eabi/5.4.1/../../../../arm-none-eabi/lib/armv6-m/libc_nano.a(lib_a-nano-vfprintf.o)
                0x00021302                __sfputs_r
 *fill*         0x00021326        0x2 
 .text._vfprintf_r
                0x00021328      0x238 /home/himanshu/ESL/gcc-arm-none-eabi/bin/../lib/gcc/arm-none-eabi/5.4.1/../../../../arm-none-eabi/lib/armv6-m/libc_nano.a(lib_a-nano-vfprintf.o)
                0x00021328                _vfiprintf_r
                0x00021328                _vfprintf_r
 .text._printf_common
                0x00021560       0xdc /home/himanshu/ESL/gcc-arm-none-eabi/bin/../lib/gcc/arm-none-eabi/5.4.1/../../../../arm-none-eabi/lib/armv6-m/libc_nano.a(lib_a-nano-vfprintf_i.o)
                0x00021560                _printf_common
 .text._printf_i
                0x0002163c      0x244 /home/himanshu/ESL/gcc-arm-none-eabi/bin/../lib/gcc/arm-none-eabi/5.4.1/../../../../arm-none-eabi/lib/armv6-m/libc_nano.a(lib_a-nano-vfprintf_i.o)
                0x0002163c                _printf_i
 .text.printf   0x00021880       0x34 /home/himanshu/ESL/gcc-arm-none-eabi/bin/../lib/gcc/arm-none-eabi/5.4.1/../../../../arm-none-eabi/lib/armv6-m/libc_nano.a(lib_a-printf.o)
                0x00021880                printf
                0x00021880                iprintf
 .text._sbrk_r  0x000218b4       0x24 /home/himanshu/ESL/gcc-arm-none-eabi/bin/../lib/gcc/arm-none-eabi/5.4.1/../../../../arm-none-eabi/lib/armv6-m/libc_nano.a(lib_a-sbrkr.o)
                0x000218b4                _sbrk_r
 .text.__sread  0x000218d8       0x28 /home/himanshu/ESL/gcc-arm-none-eabi/bin/../lib/gcc/arm-none-eabi/5.4.1/../../../../arm-none-eabi/lib/armv6-m/libc_nano.a(lib_a-stdio.o)
                0x000218d8                __sread
 .text.__swrite
                0x00021900       0x38 /home/himanshu/ESL/gcc-arm-none-eabi/bin/../lib/gcc/arm-none-eabi/5.4.1/../../../../arm-none-eabi/lib/armv6-m/libc_nano.a(lib_a-stdio.o)
                0x00021900                __swrite
 .text.__sseek  0x00021938       0x2c /home/himanshu/ESL/gcc-arm-none-eabi/bin/../lib/gcc/arm-none-eabi/5.4.1/../../../../arm-none-eabi/lib/armv6-m/libc_nano.a(lib_a-stdio.o)
                0x00021938                __sseek
 .text.__sclose
                0x00021964        0xc /home/himanshu/ESL/gcc-arm-none-eabi/bin/../lib/gcc/arm-none-eabi/5.4.1/../../../../arm-none-eabi/lib/armv6-m/libc_nano.a(lib_a-stdio.o)
                0x00021964                __sclose
 .text.__swbuf_r
                0x00021970       0xb0 /home/himanshu/ESL/gcc-arm-none-eabi/bin/../lib/gcc/arm-none-eabi/5.4.1/../../../../arm-none-eabi/lib/armv6-m/libc_nano.a(lib_a-wbuf.o)
                0x00021970                __swbuf_r
 .text._write_r
                0x00021a20       0x28 /home/himanshu/ESL/gcc-arm-none-eabi/bin/../lib/gcc/arm-none-eabi/5.4.1/../../../../arm-none-eabi/lib/armv6-m/libc_nano.a(lib_a-writer.o)
                0x00021a20                _write_r
 .text.__swsetup_r
                0x00021a48       0xec /home/himanshu/ESL/gcc-arm-none-eabi/bin/../lib/gcc/arm-none-eabi/5.4.1/../../../../arm-none-eabi/lib/armv6-m/libc_nano.a(lib_a-wsetup.o)
                0x00021a48                __swsetup_r
 .text._close_r
                0x00021b34       0x24 /home/himanshu/ESL/gcc-arm-none-eabi/bin/../lib/gcc/arm-none-eabi/5.4.1/../../../../arm-none-eabi/lib/armv6-m/libc_nano.a(lib_a-closer.o)
                0x00021b34                _close_r
 .text.__sflush_r
                0x00021b58      0x10c /home/himanshu/ESL/gcc-arm-none-eabi/bin/../lib/gcc/arm-none-eabi/5.4.1/../../../../arm-none-eabi/lib/armv6-m/libc_nano.a(lib_a-fflush.o)
                0x00021b58                __sflush_r
 .text._fflush_r
                0x00021c64       0x58 /home/himanshu/ESL/gcc-arm-none-eabi/bin/../lib/gcc/arm-none-eabi/5.4.1/../../../../arm-none-eabi/lib/armv6-m/libc_nano.a(lib_a-fflush.o)
                0x00021c64                _fflush_r
 .text._cleanup_r
                0x00021cbc       0x10 /home/himanshu/ESL/gcc-arm-none-eabi/bin/../lib/gcc/arm-none-eabi/5.4.1/../../../../arm-none-eabi/lib/armv6-m/libc_nano.a(lib_a-findfp.o)
                0x00021cbc                _cleanup_r
 .text.std.isra.0
                0x00021ccc       0x48 /home/himanshu/ESL/gcc-arm-none-eabi/bin/../lib/gcc/arm-none-eabi/5.4.1/../../../../arm-none-eabi/lib/armv6-m/libc_nano.a(lib_a-findfp.o)
 .text.__sfmoreglue
                0x00021d14       0x2c /home/himanshu/ESL/gcc-arm-none-eabi/bin/../lib/gcc/arm-none-eabi/5.4.1/../../../../arm-none-eabi/lib/armv6-m/libc_nano.a(lib_a-findfp.o)
                0x00021d14                __sfmoreglue
 .text.__sinit  0x00021d40       0x68 /home/himanshu/ESL/gcc-arm-none-eabi/bin/../lib/gcc/arm-none-eabi/5.4.1/../../../../arm-none-eabi/lib/armv6-m/libc_nano.a(lib_a-findfp.o)
                0x00021d40                __sinit
 .text.__sfp    0x00021da8       0x7c /home/himanshu/ESL/gcc-arm-none-eabi/bin/../lib/gcc/arm-none-eabi/5.4.1/../../../../arm-none-eabi/lib/armv6-m/libc_nano.a(lib_a-findfp.o)
                0x00021da8                __sfp
 .text._fstat_r
                0x00021e24       0x24 /home/himanshu/ESL/gcc-arm-none-eabi/bin/../lib/gcc/arm-none-eabi/5.4.1/../../../../arm-none-eabi/lib/armv6-m/libc_nano.a(lib_a-fstatr.o)
                0x00021e24                _fstat_r
 .text._fwalk_reent
                0x00021e48       0x42 /home/himanshu/ESL/gcc-arm-none-eabi/bin/../lib/gcc/arm-none-eabi/5.4.1/../../../../arm-none-eabi/lib/armv6-m/libc_nano.a(lib_a-fwalk.o)
                0x00021e48                _fwalk_reent
 *fill*         0x00021e8a        0x2 
 .text._isatty_r
                0x00021e8c       0x24 /home/himanshu/ESL/gcc-arm-none-eabi/bin/../lib/gcc/arm-none-eabi/5.4.1/../../../../arm-none-eabi/lib/armv6-m/libc_nano.a(lib_a-isattyr.o)
                0x00021e8c                _isatty_r
 .text._lseek_r
                0x00021eb0       0x28 /home/himanshu/ESL/gcc-arm-none-eabi/bin/../lib/gcc/arm-none-eabi/5.4.1/../../../../arm-none-eabi/lib/armv6-m/libc_nano.a(lib_a-lseekr.o)
                0x00021eb0                _lseek_r
 .text.memchr   0x00021ed8       0x16 /home/himanshu/ESL/gcc-arm-none-eabi/bin/../lib/gcc/arm-none-eabi/5.4.1/../../../../arm-none-eabi/lib/armv6-m/libc_nano.a(lib_a-memchr-stub.o)
                0x00021ed8                memchr
 .text.__malloc_lock
                0x00021eee        0x2 /home/himanshu/ESL/gcc-arm-none-eabi/bin/../lib/gcc/arm-none-eabi/5.4.1/../../../../arm-none-eabi/lib/armv6-m/libc_nano.a(lib_a-mlock.o)
                0x00021eee                __malloc_lock
 .text.__malloc_unlock
                0x00021ef0        0x2 /home/himanshu/ESL/gcc-arm-none-eabi/bin/../lib/gcc/arm-none-eabi/5.4.1/../../../../arm-none-eabi/lib/armv6-m/libc_nano.a(lib_a-mlock.o)
                0x00021ef0                __malloc_unlock
 *fill*         0x00021ef2        0x2 
 .text._read_r  0x00021ef4       0x28 /home/himanshu/ESL/gcc-arm-none-eabi/bin/../lib/gcc/arm-none-eabi/5.4.1/../../../../arm-none-eabi/lib/armv6-m/libc_nano.a(lib_a-readr.o)
                0x00021ef4                _read_r
 .text._close   0x00021f1c       0x10 /home/himanshu/ESL/gcc-arm-none-eabi/bin/../lib/gcc/arm-none-eabi/5.4.1/../../../../arm-none-eabi/lib/armv6-m/libnosys.a(close.o)
                0x00021f1c                _close
 .text._fstat   0x00021f2c       0x10 /home/himanshu/ESL/gcc-arm-none-eabi/bin/../lib/gcc/arm-none-eabi/5.4.1/../../../../arm-none-eabi/lib/armv6-m/libnosys.a(fstat.o)
                0x00021f2c                _fstat
 .text._isatty  0x00021f3c       0x10 /home/himanshu/ESL/gcc-arm-none-eabi/bin/../lib/gcc/arm-none-eabi/5.4.1/../../../../arm-none-eabi/lib/armv6-m/libnosys.a(isatty.o)
                0x00021f3c                _isatty
 .text._lseek   0x00021f4c       0x10 /home/himanshu/ESL/gcc-arm-none-eabi/bin/../lib/gcc/arm-none-eabi/5.4.1/../../../../arm-none-eabi/lib/armv6-m/libnosys.a(lseek.o)
                0x00021f4c                _lseek
 .text._read    0x00021f5c       0x10 /home/himanshu/ESL/gcc-arm-none-eabi/bin/../lib/gcc/arm-none-eabi/5.4.1/../../../../arm-none-eabi/lib/armv6-m/libnosys.a(read.o)
                0x00021f5c                _read
 .text._sbrk    0x00021f6c       0x1c /home/himanshu/ESL/gcc-arm-none-eabi/bin/../lib/gcc/arm-none-eabi/5.4.1/../../../../arm-none-eabi/lib/armv6-m/libnosys.a(sbrk.o)
                0x00021f6c                _sbrk
 *(.init)
 .init          0x00021f88        0x4 /home/himanshu/ESL/gcc-arm-none-eabi/bin/../lib/gcc/arm-none-eabi/5.4.1/armv6-m/crti.o
                0x00021f88                _init
 .init          0x00021f8c        0x8 /home/himanshu/ESL/gcc-arm-none-eabi/bin/../lib/gcc/arm-none-eabi/5.4.1/armv6-m/crtn.o
 *(.fini)
 .fini          0x00021f94        0x4 /home/himanshu/ESL/gcc-arm-none-eabi/bin/../lib/gcc/arm-none-eabi/5.4.1/armv6-m/crti.o
                0x00021f94                _fini
 .fini          0x00021f98        0x8 /home/himanshu/ESL/gcc-arm-none-eabi/bin/../lib/gcc/arm-none-eabi/5.4.1/armv6-m/crtn.o
 *crtbegin.o(.ctors)
 *crtbegin?.o(.ctors)
 *(EXCLUDE_FILE(*crtend.o *crtend?.o) .ctors)
 *(SORT(.ctors.*))
 *(.ctors)
 *crtbegin.o(.dtors)
 *crtbegin?.o(.dtors)
 *(EXCLUDE_FILE(*crtend.o *crtend?.o) .dtors)
 *(SORT(.dtors.*))
 *(.dtors)
 *(.rodata*)
 .rodata.str1.1
                0x00021fa0        0x2 /home/himanshu/ESL/gcc-arm-none-eabi/bin/../lib/gcc/arm-none-eabi/5.4.1/../../../../arm-none-eabi/lib/armv6-m/libc_nano.a(lib_a-impure.o)
 *fill*         0x00021fa2        0x2 
 .rodata._global_impure_ptr
                0x00021fa4        0x4 /home/himanshu/ESL/gcc-arm-none-eabi/bin/../lib/gcc/arm-none-eabi/5.4.1/../../../../arm-none-eabi/lib/armv6-m/libc_nano.a(lib_a-impure.o)
                0x00021fa4                _global_impure_ptr
 .rodata.main   0x00021fa8       0x70 _build/in4073.o
 .rodata.str1.4
                0x00022018      0x15a _build/in4073.o
                                0x15e (size before relaxing)
 *fill*         0x00022172        0x2 
 .rodata.run_control
                0x00022174       0x7c _build/control.o
 .rodata.str1.4
                0x000221f0      0x1fe _build/control.o
 *fill*         0x000223ee        0x2 
 .rodata.crc_lookup.4730
                0x000223f0      0x100 _build/crc.o
 .rodata.str1.4
                0x000224f0      0x1bd _build/logger.o
 *fill*         0x000226ad        0x3 
 .rodata.quadrupel_timer.7147
                0x000226b0        0x4 _build/timers.o
 .rodata.str1.4
                0x000226b4       0x11 _build/uart.o
 *fill*         0x000226c5        0x3 
 .rodata.str1.4
                0x000226c8       0x38 _build/twi.o
 .rodata.str1.4
                0x00022700       0x23 _build/spi_flash.o
 *fill*         0x00022723        0x1 
 .rodata.test   0x00022724       0x28 _build/inv_mpu.o
                0x00022724                test
 .rodata.str1.4
                0x0002274c       0xa6 _build/inv_mpu.o
 *fill*         0x000227f2        0x2 
 .rodata.hw     0x000227f4        0xc _build/inv_mpu.o
                0x000227f4                hw
 .rodata.reg    0x00022800       0x1e _build/inv_mpu.o
                0x00022800                reg
 *fill*         0x0002281e        0x2 
 .rodata        0x00022820       0x4b _build/inv_mpu_dmp_motion_driver.o
 *fill*         0x0002286b        0x1 
 .rodata.dmp_memory
                0x0002286c      0xbf6 _build/inv_mpu_dmp_motion_driver.o
 *fill*         0x00023462        0x2 
 .rodata.str1.4
                0x00023464      0x14a _build/mpu_wrapper.o
 *fill*         0x000235ae        0x2 
 .rodata.str1.4
                0x000235b0       0x27 _build/app_error.o
 *fill*         0x000235d7        0x1 
 .rodata.str1.4
                0x000235d8        0x5 /home/himanshu/ESL/gcc-arm-none-eabi/bin/../lib/gcc/arm-none-eabi/5.4.1/../../../../arm-none-eabi/lib/armv6-m/libm.a(lib_a-w_asin.o)
                                  0x9 (size before relaxing)
 *fill*         0x000235dd        0x3 
 .rodata.str1.4
                0x000235e0        0x8 /home/himanshu/ESL/gcc-arm-none-eabi/bin/../lib/gcc/arm-none-eabi/5.4.1/../../../../arm-none-eabi/lib/armv6-m/libm.a(lib_a-w_sqrt.o)
                                  0x5 (size before relaxing)
 .rodata.atanlo
                0x000235e8       0x20 /home/himanshu/ESL/gcc-arm-none-eabi/bin/../lib/gcc/arm-none-eabi/5.4.1/../../../../arm-none-eabi/lib/armv6-m/libm.a(lib_a-s_atan.o)
 .rodata.atanhi
                0x00023608       0x20 /home/himanshu/ESL/gcc-arm-none-eabi/bin/../lib/gcc/arm-none-eabi/5.4.1/../../../../arm-none-eabi/lib/armv6-m/libm.a(lib_a-s_atan.o)
 .rodata        0x00023628       0x80 /home/himanshu/ESL/gcc-arm-none-eabi/bin/../lib/gcc/arm-none-eabi/5.4.1/armv6-m/libgcc.a(divsf3.o)
 .rodata        0x000236a8       0x40 /home/himanshu/ESL/gcc-arm-none-eabi/bin/../lib/gcc/arm-none-eabi/5.4.1/armv6-m/libgcc.a(mulsf3.o)
 .rodata        0x000236e8       0x40 /home/himanshu/ESL/gcc-arm-none-eabi/bin/../lib/gcc/arm-none-eabi/5.4.1/armv6-m/libgcc.a(divdf3.o)
 .rodata        0x00023728       0x40 /home/himanshu/ESL/gcc-arm-none-eabi/bin/../lib/gcc/arm-none-eabi/5.4.1/armv6-m/libgcc.a(muldf3.o)
 .rodata.str1.1
                0x00023768       0x11 /home/himanshu/ESL/gcc-arm-none-eabi/bin/../lib/gcc/arm-none-eabi/5.4.1/../../../../arm-none-eabi/lib/armv6-m/libc_nano.a(lib_a-nano-vfprintf.o)
 .rodata.str1.1
                0x00023779       0x22 /home/himanshu/ESL/gcc-arm-none-eabi/bin/../lib/gcc/arm-none-eabi/5.4.1/../../../../arm-none-eabi/lib/armv6-m/libc_nano.a(lib_a-nano-vfprintf_i.o)
 *fill*         0x0002379b        0x1 
 .rodata.__sf_fake_stdin
                0x0002379c       0x20 /home/himanshu/ESL/gcc-arm-none-eabi/bin/../lib/gcc/arm-none-eabi/5.4.1/../../../../arm-none-eabi/lib/armv6-m/libc_nano.a(lib_a-findfp.o)
                0x0002379c                __sf_fake_stdin
 .rodata.__sf_fake_stdout
                0x000237bc       0x20 /home/himanshu/ESL/gcc-arm-none-eabi/bin/../lib/gcc/arm-none-eabi/5.4.1/../../../../arm-none-eabi/lib/armv6-m/libc_nano.a(lib_a-findfp.o)
                0x000237bc                __sf_fake_stdout
 .rodata.__sf_fake_stderr
                0x000237dc       0x20 /home/himanshu/ESL/gcc-arm-none-eabi/bin/../lib/gcc/arm-none-eabi/5.4.1/../../../../arm-none-eabi/lib/armv6-m/libc_nano.a(lib_a-findfp.o)
                0x000237dc                __sf_fake_stderr
 *(.eh_frame*)
 .eh_frame      0x000237fc        0x0 /home/himanshu/ESL/gcc-arm-none-eabi/bin/../lib/gcc/arm-none-eabi/5.4.1/armv6-m/crtbegin.o
                0x000237fc                . = ALIGN (0x4)

.glue_7         0x000237fc        0x0
 .glue_7        0x000237fc        0x0 linker stubs

.glue_7t        0x000237fc        0x0
 .glue_7t       0x000237fc        0x0 linker stubs

.vfp11_veneer   0x000237fc        0x0
 .vfp11_veneer  0x000237fc        0x0 linker stubs

.v4_bx          0x000237fc        0x0
 .v4_bx         0x000237fc        0x0 linker stubs

.iplt           0x000237fc        0x0
 .iplt          0x000237fc        0x0 /home/himanshu/ESL/gcc-arm-none-eabi/bin/../lib/gcc/arm-none-eabi/5.4.1/armv6-m/crtbegin.o

.ARM.extab      0x000237fc        0x0
 *(.ARM.extab* .gnu.linkonce.armextab.*)
                0x000237fc                . = ALIGN (0x4)
                0x000237fc                __exidx_start = .

.ARM.exidx      0x000237fc        0x8
 *(.ARM.exidx* .gnu.linkonce.armexidx.*)
 .ARM.exidx     0x000237fc        0x8 /home/himanshu/ESL/gcc-arm-none-eabi/bin/../lib/gcc/arm-none-eabi/5.4.1/../../../../arm-none-eabi/lib/armv6-m/crt0.o
 .ARM.exidx     0x00023804        0x0 _build/gcc_startup_nrf51.o
                                  0x8 (size before relaxing)
                0x00023804                . = ALIGN (0x4)
                0x00023804                __exidx_end = .
                0x00023804                __etext = .

.rel.dyn        0x00023804        0x0
 .rel.iplt      0x00023804        0x0 /home/himanshu/ESL/gcc-arm-none-eabi/bin/../lib/gcc/arm-none-eabi/5.4.1/armv6-m/crtbegin.o

.data           0x20002000       0xa8 load address 0x00023804
                0x20002000                __data_start__ = .
 *(vtable)
 *(.data*)
 .data.impure_data
                0x20002000       0x60 /home/himanshu/ESL/gcc-arm-none-eabi/bin/../lib/gcc/arm-none-eabi/5.4.1/../../../../arm-none-eabi/lib/armv6-m/libc_nano.a(lib_a-impure.o)
 .data._impure_ptr
                0x20002060        0x4 /home/himanshu/ESL/gcc-arm-none-eabi/bin/../lib/gcc/arm-none-eabi/5.4.1/../../../../arm-none-eabi/lib/armv6-m/libc_nano.a(lib_a-impure.o)
                0x20002060                _impure_ptr
 .data.raw_flag
                0x20002064        0x1 _build/control.o
 .data.kalman_flag.7500
                0x20002065        0x1 _build/control.o
 .data.butter_flag.7490
                0x20002066        0x1 _build/control.o
 .data.txd_available
                0x20002067        0x1 _build/uart.o
                0x20002067                txd_available
 .data.st       0x20002068       0x2c _build/inv_mpu.o
 .data.gyro_orientation.7067
                0x20002094        0x9 _build/mpu_wrapper.o
 .data.__fdlib_version
                0x2000209d        0x1 /home/himanshu/ESL/gcc-arm-none-eabi/bin/../lib/gcc/arm-none-eabi/5.4.1/../../../../arm-none-eabi/lib/armv6-m/libm.a(lib_a-s_lib_ver.o)
                0x2000209d                __fdlib_version
                0x200020a0                . = ALIGN (0x4)
 *fill*         0x2000209e        0x2 
                0x200020a0                PROVIDE (__preinit_array_start, .)
 *(.preinit_array)
                0x200020a0                PROVIDE (__preinit_array_end, .)
                0x200020a0                . = ALIGN (0x4)
                0x200020a0                PROVIDE (__init_array_start, .)
 *(SORT(.init_array.*))
 *(.init_array)
 .init_array    0x200020a0        0x4 /home/himanshu/ESL/gcc-arm-none-eabi/bin/../lib/gcc/arm-none-eabi/5.4.1/armv6-m/crtbegin.o
                0x200020a4                PROVIDE (__init_array_end, .)
                0x200020a4                . = ALIGN (0x4)
                [!provide]                PROVIDE (__fini_array_start, .)
 *(SORT(.fini_array.*))
 *(.fini_array)
 .fini_array    0x200020a4        0x4 /home/himanshu/ESL/gcc-arm-none-eabi/bin/../lib/gcc/arm-none-eabi/5.4.1/armv6-m/crtbegin.o
                [!provide]                PROVIDE (__fini_array_end, .)
 *(.jcr)
 .jcr           0x200020a8        0x0 /home/himanshu/ESL/gcc-arm-none-eabi/bin/../lib/gcc/arm-none-eabi/5.4.1/armv6-m/crtbegin.o
                0x200020a8                . = ALIGN (0x4)
                0x200020a8                __data_end__ = .

.igot.plt       0x200020a8        0x0 load address 0x000238ac
 .igot.plt      0x200020a8        0x0 /home/himanshu/ESL/gcc-arm-none-eabi/bin/../lib/gcc/arm-none-eabi/5.4.1/armv6-m/crtbegin.o

.bss            0x200020a8      0x7ac load address 0x000238ac
                0x200020a8                . = ALIGN (0x4)
                0x200020a8                __bss_start__ = .
 *(.bss*)
 .bss           0x200020a8       0x1c /home/himanshu/ESL/gcc-arm-none-eabi/bin/../lib/gcc/arm-none-eabi/5.4.1/armv6-m/crtbegin.o
 .bss.totalBytesToRead
                0x200020c4        0x1 _build/in4073.o
                0x200020c4                totalBytesToRead
 .bss.inPacketState
                0x200020c5        0x1 _build/in4073.o
                0x200020c5                inPacketState
 .bss.inPacketBufSize
                0x200020c6        0x1 _build/in4073.o
                0x200020c6                inPacketBufSize
 .bss.headerByte
                0x200020c7        0x1 _build/in4073.o
                0x200020c7                headerByte
 .bss.p2phi.7513
                0x200020c8        0x4 _build/control.o
 .bss.desired_pressure.7575
                0x200020cc        0x4 _build/control.o
 .bss.a0.7493   0x200020d0        0x4 _build/control.o
 .bss.x.7491    0x200020d4        0xc _build/control.o
 .bss.panic_counter.7603
                0x200020e0        0x2 _build/control.o
 *fill*         0x200020e2        0x2 
 .bss.phi_kalman.7507
                0x200020e4        0x4 _build/control.o
 .bss.b1.7497   0x200020e8        0x4 _build/control.o
 .bss.c1.7514   0x200020ec        0x4 _build/control.o
 .bss.c2.7515   0x200020f0        0x4 _build/control.o
 .bss.b0.7496   0x200020f4        0x4 _build/control.o
 .bss.p_bias.7511
                0x200020f8        0x4 _build/control.o
 .bss.y.7492    0x200020fc        0xc _build/control.o
 .bss.q_bias.7512
                0x20002108        0x4 _build/control.o
 .bss.theta_kalman.7508
                0x2000210c        0x4 _build/control.o
 .bss.a2.7495   0x20002110        0x4 _build/control.o
 .bss.height_flag.7572
                0x20002114        0x1 _build/control.o
 *fill*         0x20002115        0x3 
 .bss.a1.7494   0x20002118        0x4 _build/control.o
 .bss.APP_TIMER_BUF.7143
                0x2000211c      0x1c8 _build/timers.o
 .bss.quadrupel_timer_data.7146
                0x200022e4       0x20 _build/timers.o
 .bss.sent      0x20002304        0x1 _build/twi.o
 .bss.read      0x20002305        0x1 _build/twi.o
 .bss.loop_count
                0x20002306        0x1 _build/baro.o
 *fill*         0x20002307        0x1 
 .bss.prom      0x20002308       0x10 _build/baro.o
 .bss.data      0x20002318        0x3 _build/baro.o
 *fill*         0x2000231b        0x1 
 .bss.data.7060
                0x2000231c        0x2 _build/baro.o
 *fill*         0x2000231e        0x2 
 .bss.initTime  0x20002320        0x4 _build/baro.o
                0x20002320                initTime
 .bss.spi_config_table
                0x20002324        0xc _build/spi_flash.o
 .bss.SPI       0x20002330        0x4 _build/spi_flash.o
 .bss.dmp       0x20002334       0x10 _build/inv_mpu_dmp_motion_driver.o
 .bss.m_ticks_latest
                0x20002344        0x4 _build/app_timer.o
 .bss.mp_timer_id_head
                0x20002348        0x4 _build/app_timer.o
 .bss.m_evt_schedule_func
                0x2000234c        0x4 _build/app_timer.o
 .bss.m_user_array_size
                0x20002350        0x1 _build/app_timer.o
 *fill*         0x20002351        0x3 
 .bss.mp_users  0x20002354        0x4 _build/app_timer.o
 .bss.m_ticks_elapsed_q_read_ind
                0x20002358        0x1 _build/app_timer.o
 .bss.m_ticks_elapsed_q_write_ind
                0x20002359        0x1 _build/app_timer.o
 .bss.m_rtc1_reset
                0x2000235a        0x1 _build/app_timer.o
 *fill*         0x2000235b        0x1 
 .bss.m_ticks_elapsed
                0x2000235c        0x8 _build/app_timer.o
 .bss.m_rtc1_running
                0x20002364        0x1 _build/app_timer.o
 .bss.m_softdevice_enabled
                0x20002365        0x1 _build/softdevice_handler.o
 .bss.m_ble_evt_buffer_size
                0x20002366        0x2 _build/softdevice_handler.o
 .bss.mp_ble_evt_buffer
                0x20002368        0x4 _build/softdevice_handler.o
 .bss.m_sys_evt_handler
                0x2000236c        0x4 _build/softdevice_handler.o
 .bss.m_ble_evt_handler
                0x20002370        0x4 _build/softdevice_handler.o
 .bss.m_evt_schedule_func
                0x20002374        0x4 _build/softdevice_handler.o
 .bss.__malloc_sbrk_start
                0x20002378        0x4 /home/himanshu/ESL/gcc-arm-none-eabi/bin/../lib/gcc/arm-none-eabi/5.4.1/../../../../arm-none-eabi/lib/armv6-m/libc_nano.a(lib_a-nano-mallocr.o)
                0x20002378                __malloc_sbrk_start
 .bss.__malloc_free_list
                0x2000237c        0x4 /home/himanshu/ESL/gcc-arm-none-eabi/bin/../lib/gcc/arm-none-eabi/5.4.1/../../../../arm-none-eabi/lib/armv6-m/libc_nano.a(lib_a-nano-mallocr.o)
                0x2000237c                __malloc_free_list
 .bss.heap_end.4167
                0x20002380        0x4 /home/himanshu/ESL/gcc-arm-none-eabi/bin/../lib/gcc/arm-none-eabi/5.4.1/../../../../arm-none-eabi/lib/armv6-m/libnosys.a(sbrk.o)
 *(COMMON)
 COMMON         0x20002384      0x4a8 _build/in4073.o
                0x20002384                sr_o
                0x20002386                say
                0x20002388                filtered_sr
                0x2000238c                CalibrationStartTime
                0x20002390                psi
                0x20002392                USBDisconnected
                0x20002393                sensor_fifo_count
                0x20002394                saz
                0x20002398                rx_queue
                0x2000249e                phi_o
                0x200024a0                psi_raw
                0x200024a2                phi
                0x200024a4                LRPY
                0x200024a8                temperature
                0x200024ac                theta
                0x200024b0                pressure
                0x200024b4                received_data
                0x200024b8                tx_queue
                0x200025be                sp_o
                0x200025c0                sax
                0x200025c2                PreviousMode
                0x200025c4                sq
                0x200025c6                phi_raw
                0x200025c8                BlinkLed
                0x200025ca                sr_raw
                0x200025cc                theta_raw
                0x200025ce                bat_volt
                0x200025d0                LRPY16
                0x200025d8                inPacketBuffer
                0x200025e4                ble_rx_queue
                0x200026ea                low_battery
                0x200026ec                psi_o
                0x200026ee                sp
                0x200026f0                theta_o
                0x200026f4                k_LRPY
                0x20002704                sq_o
                0x20002706                radio_active
                0x20002708                motor
                0x20002710                last_correct_checksum_time
                0x20002714                ble_tx_queue
                0x2000281a                QuadState
                0x2000281c                ae
                0x20002824                sq_raw
                0x20002826                sr
                0x20002828                ModeToSet
                0x20002829                demo_done
                0x2000282a                sp_raw
 COMMON         0x2000282c       0x12 _build/logger.o
                0x2000282c                prev_log_time
                0x20002830                write_addr
                0x20002834                log_err
                0x20002835                log_err_change
                0x20002836                log_init_done
                0x20002838                addr_before_overflow
                0x2000283c                curr_flash_block
                0x2000283d                flash_overflow
 *fill*         0x2000283e        0x2 
 COMMON         0x20002840        0x5 _build/timers.o
                0x20002840                global_time
                0x20002844                timer_flag
 *fill*         0x20002845        0x3 
 COMMON         0x20002848        0x8 _build/baro.o
                0x20002848                D2
                0x2000284c                D1
 COMMON         0x20002850        0x4 /home/himanshu/ESL/gcc-arm-none-eabi/bin/../lib/gcc/arm-none-eabi/5.4.1/../../../../arm-none-eabi/lib/armv6-m/libc_nano.a(lib_a-reent.o)
                0x20002850                errno
                0x20002854                . = ALIGN (0x4)
                0x20002854                __bss_end__ = .

.heap           0x20002858      0x800
                0x20002858                __end__ = .
                0x20002858                end = __end__
 *(.heap*)
 .heap          0x20002858      0x800 _build/gcc_startup_nrf51.o
                0x20002858                __HeapBase
                0x20003058                __HeapLimit = .

.stack_dummy    0x20002858      0x800
 *(.stack*)
 .stack         0x20002858      0x800 _build/gcc_startup_nrf51.o
                0x20004000                __StackTop = (ORIGIN (RAM) + LENGTH (RAM))
                0x20003800                __StackLimit = (__StackTop - SIZEOF (.stack_dummy))
                0x20004000                PROVIDE (__stack, __StackTop)
                0x00000001                ASSERT ((__StackLimit >= __HeapLimit), region RAM overflowed with stack)
OUTPUT(_build/in4073.out elf32-littlearm)

.ARM.attributes
                0x00000000       0x28
 .ARM.attributes
                0x00000000       0x1e /home/himanshu/ESL/gcc-arm-none-eabi/bin/../lib/gcc/arm-none-eabi/5.4.1/armv6-m/crti.o
 .ARM.attributes
                0x0000001e       0x2c /home/himanshu/ESL/gcc-arm-none-eabi/bin/../lib/gcc/arm-none-eabi/5.4.1/armv6-m/crtbegin.o
 .ARM.attributes
                0x0000004a       0x1b /home/himanshu/ESL/gcc-arm-none-eabi/bin/../lib/gcc/arm-none-eabi/5.4.1/../../../../arm-none-eabi/lib/armv6-m/crt0.o
 .ARM.attributes
                0x00000065       0x2c /home/himanshu/ESL/gcc-arm-none-eabi/bin/../lib/gcc/arm-none-eabi/5.4.1/../../../../arm-none-eabi/lib/armv6-m/libc_nano.a(lib_a-exit.o)
 .ARM.attributes
                0x00000091       0x2c /home/himanshu/ESL/gcc-arm-none-eabi/bin/../lib/gcc/arm-none-eabi/5.4.1/../../../../arm-none-eabi/lib/armv6-m/libc_nano.a(lib_a-impure.o)
 .ARM.attributes
                0x000000bd       0x2c /home/himanshu/ESL/gcc-arm-none-eabi/bin/../lib/gcc/arm-none-eabi/5.4.1/../../../../arm-none-eabi/lib/armv6-m/libc_nano.a(lib_a-init.o)
 .ARM.attributes
                0x000000e9       0x2c /home/himanshu/ESL/gcc-arm-none-eabi/bin/../lib/gcc/arm-none-eabi/5.4.1/../../../../arm-none-eabi/lib/armv6-m/libc_nano.a(lib_a-memset.o)
 .ARM.attributes
                0x00000115       0x2c /home/himanshu/ESL/gcc-arm-none-eabi/bin/../lib/gcc/arm-none-eabi/5.4.1/../../../../arm-none-eabi/lib/armv6-m/libnosys.a(_exit.o)
 .ARM.attributes
                0x00000141       0x31 _build/system_nrf51.o
 .ARM.attributes
                0x00000172       0x31 _build/nrf_delay.o
 .ARM.attributes
                0x000001a3       0x31 _build/in4073.o
 .ARM.attributes
                0x000001d4       0x31 _build/control.o
 .ARM.attributes
                0x00000205       0x31 _build/crc.o
 .ARM.attributes
                0x00000236       0x31 _build/logger.o
 .ARM.attributes
                0x00000267       0x31 _build/gpio.o
 .ARM.attributes
                0x00000298       0x31 _build/timers.o
 .ARM.attributes
                0x000002c9       0x31 _build/uart.o
 .ARM.attributes
                0x000002fa       0x31 _build/queue.o
 .ARM.attributes
                0x0000032b       0x31 _build/twi.o
 .ARM.attributes
                0x0000035c       0x31 _build/adc.o
 .ARM.attributes
                0x0000038d       0x31 _build/baro.o
 .ARM.attributes
                0x000003be       0x31 _build/ble.o
 .ARM.attributes
                0x000003ef       0x31 _build/spi_flash.o
 .ARM.attributes
                0x00000420       0x31 _build/inv_mpu.o
 .ARM.attributes
                0x00000451       0x31 _build/inv_mpu_dmp_motion_driver.o
 .ARM.attributes
                0x00000482       0x31 _build/ml.o
 .ARM.attributes
                0x000004b3       0x31 _build/mpu_wrapper.o
 .ARM.attributes
                0x000004e4       0x31 _build/app_error.o
 .ARM.attributes
                0x00000515       0x31 _build/app_timer.o
 .ARM.attributes
                0x00000546       0x31 _build/softdevice_handler.o
 .ARM.attributes
                0x00000577       0x1b _build/gcc_startup_nrf51.o
 .ARM.attributes
                0x00000592       0x2c /home/himanshu/ESL/gcc-arm-none-eabi/bin/../lib/gcc/arm-none-eabi/5.4.1/../../../../arm-none-eabi/lib/armv6-m/libm.a(lib_a-s_fabs.o)
 .ARM.attributes
                0x000005be       0x2c /home/himanshu/ESL/gcc-arm-none-eabi/bin/../lib/gcc/arm-none-eabi/5.4.1/../../../../arm-none-eabi/lib/armv6-m/libm.a(lib_a-s_floor.o)
 .ARM.attributes
                0x000005ea       0x2c /home/himanshu/ESL/gcc-arm-none-eabi/bin/../lib/gcc/arm-none-eabi/5.4.1/../../../../arm-none-eabi/lib/armv6-m/libm.a(lib_a-w_asin.o)
 .ARM.attributes
                0x00000616       0x2c /home/himanshu/ESL/gcc-arm-none-eabi/bin/../lib/gcc/arm-none-eabi/5.4.1/../../../../arm-none-eabi/lib/armv6-m/libm.a(lib_a-w_atan2.o)
 .ARM.attributes
                0x00000642       0x2c /home/himanshu/ESL/gcc-arm-none-eabi/bin/../lib/gcc/arm-none-eabi/5.4.1/../../../../arm-none-eabi/lib/armv6-m/libm.a(lib_a-w_sqrt.o)
 .ARM.attributes
                0x0000066e       0x2c /home/himanshu/ESL/gcc-arm-none-eabi/bin/../lib/gcc/arm-none-eabi/5.4.1/../../../../arm-none-eabi/lib/armv6-m/libm.a(lib_a-e_asin.o)
 .ARM.attributes
                0x0000069a       0x2c /home/himanshu/ESL/gcc-arm-none-eabi/bin/../lib/gcc/arm-none-eabi/5.4.1/../../../../arm-none-eabi/lib/armv6-m/libm.a(lib_a-e_atan2.o)
 .ARM.attributes
                0x000006c6       0x2c /home/himanshu/ESL/gcc-arm-none-eabi/bin/../lib/gcc/arm-none-eabi/5.4.1/../../../../arm-none-eabi/lib/armv6-m/libm.a(lib_a-e_sqrt.o)
 .ARM.attributes
                0x000006f2       0x2c /home/himanshu/ESL/gcc-arm-none-eabi/bin/../lib/gcc/arm-none-eabi/5.4.1/../../../../arm-none-eabi/lib/armv6-m/libm.a(lib_a-s_atan.o)
 .ARM.attributes
                0x0000071e       0x2c /home/himanshu/ESL/gcc-arm-none-eabi/bin/../lib/gcc/arm-none-eabi/5.4.1/../../../../arm-none-eabi/lib/armv6-m/libm.a(lib_a-s_lib_ver.o)
 .ARM.attributes
                0x0000074a       0x2c /home/himanshu/ESL/gcc-arm-none-eabi/bin/../lib/gcc/arm-none-eabi/5.4.1/../../../../arm-none-eabi/lib/armv6-m/libm.a(lib_a-s_matherr.o)
 .ARM.attributes
                0x00000776       0x2c /home/himanshu/ESL/gcc-arm-none-eabi/bin/../lib/gcc/arm-none-eabi/5.4.1/../../../../arm-none-eabi/lib/armv6-m/libm.a(lib_a-s_nan.o)
 .ARM.attributes
                0x000007a2       0x1e /home/himanshu/ESL/gcc-arm-none-eabi/bin/../lib/gcc/arm-none-eabi/5.4.1/armv6-m/libgcc.a(_udivsi3.o)
 .ARM.attributes
                0x000007c0       0x1e /home/himanshu/ESL/gcc-arm-none-eabi/bin/../lib/gcc/arm-none-eabi/5.4.1/armv6-m/libgcc.a(_divsi3.o)
 .ARM.attributes
                0x000007de       0x1e /home/himanshu/ESL/gcc-arm-none-eabi/bin/../lib/gcc/arm-none-eabi/5.4.1/armv6-m/libgcc.a(_dvmd_tls.o)
 .ARM.attributes
                0x000007fc       0x1e /home/himanshu/ESL/gcc-arm-none-eabi/bin/../lib/gcc/arm-none-eabi/5.4.1/armv6-m/libgcc.a(_arm_cmpdf2.o)
 .ARM.attributes
                0x0000081a       0x1e /home/himanshu/ESL/gcc-arm-none-eabi/bin/../lib/gcc/arm-none-eabi/5.4.1/armv6-m/libgcc.a(_arm_cmpsf2.o)
 .ARM.attributes
                0x00000838       0x2c /home/himanshu/ESL/gcc-arm-none-eabi/bin/../lib/gcc/arm-none-eabi/5.4.1/armv6-m/libgcc.a(_muldi3.o)
 .ARM.attributes
                0x00000864       0x2c /home/himanshu/ESL/gcc-arm-none-eabi/bin/../lib/gcc/arm-none-eabi/5.4.1/armv6-m/libgcc.a(_fixunssfsi.o)
 .ARM.attributes
                0x00000890       0x2c /home/himanshu/ESL/gcc-arm-none-eabi/bin/../lib/gcc/arm-none-eabi/5.4.1/armv6-m/libgcc.a(_fixunsdfsi.o)
 .ARM.attributes
                0x000008bc       0x2c /home/himanshu/ESL/gcc-arm-none-eabi/bin/../lib/gcc/arm-none-eabi/5.4.1/armv6-m/libgcc.a(addsf3.o)
 .ARM.attributes
                0x000008e8       0x2c /home/himanshu/ESL/gcc-arm-none-eabi/bin/../lib/gcc/arm-none-eabi/5.4.1/armv6-m/libgcc.a(divsf3.o)
 .ARM.attributes
                0x00000914       0x2c /home/himanshu/ESL/gcc-arm-none-eabi/bin/../lib/gcc/arm-none-eabi/5.4.1/armv6-m/libgcc.a(eqsf2.o)
 .ARM.attributes
                0x00000940       0x2c /home/himanshu/ESL/gcc-arm-none-eabi/bin/../lib/gcc/arm-none-eabi/5.4.1/armv6-m/libgcc.a(gesf2.o)
 .ARM.attributes
                0x0000096c       0x2c /home/himanshu/ESL/gcc-arm-none-eabi/bin/../lib/gcc/arm-none-eabi/5.4.1/armv6-m/libgcc.a(lesf2.o)
 .ARM.attributes
                0x00000998       0x2c /home/himanshu/ESL/gcc-arm-none-eabi/bin/../lib/gcc/arm-none-eabi/5.4.1/armv6-m/libgcc.a(mulsf3.o)
 .ARM.attributes
                0x000009c4       0x2c /home/himanshu/ESL/gcc-arm-none-eabi/bin/../lib/gcc/arm-none-eabi/5.4.1/armv6-m/libgcc.a(subsf3.o)
 .ARM.attributes
                0x000009f0       0x2c /home/himanshu/ESL/gcc-arm-none-eabi/bin/../lib/gcc/arm-none-eabi/5.4.1/armv6-m/libgcc.a(fixsfsi.o)
 .ARM.attributes
                0x00000a1c       0x2c /home/himanshu/ESL/gcc-arm-none-eabi/bin/../lib/gcc/arm-none-eabi/5.4.1/armv6-m/libgcc.a(floatsisf.o)
 .ARM.attributes
                0x00000a48       0x2c /home/himanshu/ESL/gcc-arm-none-eabi/bin/../lib/gcc/arm-none-eabi/5.4.1/armv6-m/libgcc.a(floatunsisf.o)
 .ARM.attributes
                0x00000a74       0x2c /home/himanshu/ESL/gcc-arm-none-eabi/bin/../lib/gcc/arm-none-eabi/5.4.1/armv6-m/libgcc.a(adddf3.o)
 .ARM.attributes
                0x00000aa0       0x2c /home/himanshu/ESL/gcc-arm-none-eabi/bin/../lib/gcc/arm-none-eabi/5.4.1/armv6-m/libgcc.a(divdf3.o)
 .ARM.attributes
                0x00000acc       0x2c /home/himanshu/ESL/gcc-arm-none-eabi/bin/../lib/gcc/arm-none-eabi/5.4.1/armv6-m/libgcc.a(eqdf2.o)
 .ARM.attributes
                0x00000af8       0x2c /home/himanshu/ESL/gcc-arm-none-eabi/bin/../lib/gcc/arm-none-eabi/5.4.1/armv6-m/libgcc.a(gedf2.o)
 .ARM.attributes
                0x00000b24       0x2c /home/himanshu/ESL/gcc-arm-none-eabi/bin/../lib/gcc/arm-none-eabi/5.4.1/armv6-m/libgcc.a(ledf2.o)
 .ARM.attributes
                0x00000b50       0x2c /home/himanshu/ESL/gcc-arm-none-eabi/bin/../lib/gcc/arm-none-eabi/5.4.1/armv6-m/libgcc.a(muldf3.o)
 .ARM.attributes
                0x00000b7c       0x2c /home/himanshu/ESL/gcc-arm-none-eabi/bin/../lib/gcc/arm-none-eabi/5.4.1/armv6-m/libgcc.a(subdf3.o)
 .ARM.attributes
                0x00000ba8       0x2c /home/himanshu/ESL/gcc-arm-none-eabi/bin/../lib/gcc/arm-none-eabi/5.4.1/armv6-m/libgcc.a(unorddf2.o)
 .ARM.attributes
                0x00000bd4       0x2c /home/himanshu/ESL/gcc-arm-none-eabi/bin/../lib/gcc/arm-none-eabi/5.4.1/armv6-m/libgcc.a(fixdfsi.o)
 .ARM.attributes
                0x00000c00       0x2c /home/himanshu/ESL/gcc-arm-none-eabi/bin/../lib/gcc/arm-none-eabi/5.4.1/armv6-m/libgcc.a(floatsidf.o)
 .ARM.attributes
                0x00000c2c       0x2c /home/himanshu/ESL/gcc-arm-none-eabi/bin/../lib/gcc/arm-none-eabi/5.4.1/armv6-m/libgcc.a(floatunsidf.o)
 .ARM.attributes
                0x00000c58       0x2c /home/himanshu/ESL/gcc-arm-none-eabi/bin/../lib/gcc/arm-none-eabi/5.4.1/armv6-m/libgcc.a(extendsfdf2.o)
 .ARM.attributes
                0x00000c84       0x1e /home/himanshu/ESL/gcc-arm-none-eabi/bin/../lib/gcc/arm-none-eabi/5.4.1/armv6-m/libgcc.a(_clzsi2.o)
 .ARM.attributes
                0x00000ca2       0x2c /home/himanshu/ESL/gcc-arm-none-eabi/bin/../lib/gcc/arm-none-eabi/5.4.1/../../../../arm-none-eabi/lib/armv6-m/libc_nano.a(lib_a-errno.o)
 .ARM.attributes
                0x00000cce       0x2c /home/himanshu/ESL/gcc-arm-none-eabi/bin/../lib/gcc/arm-none-eabi/5.4.1/../../../../arm-none-eabi/lib/armv6-m/libc_nano.a(lib_a-makebuf.o)
 .ARM.attributes
                0x00000cfa       0x2c /home/himanshu/ESL/gcc-arm-none-eabi/bin/../lib/gcc/arm-none-eabi/5.4.1/../../../../arm-none-eabi/lib/armv6-m/libc_nano.a(lib_a-memcmp.o)
 .ARM.attributes
                0x00000d26       0x2c /home/himanshu/ESL/gcc-arm-none-eabi/bin/../lib/gcc/arm-none-eabi/5.4.1/../../../../arm-none-eabi/lib/armv6-m/libc_nano.a(lib_a-memcpy-stub.o)
 .ARM.attributes
                0x00000d52       0x2c /home/himanshu/ESL/gcc-arm-none-eabi/bin/../lib/gcc/arm-none-eabi/5.4.1/../../../../arm-none-eabi/lib/armv6-m/libc_nano.a(lib_a-nano-freer.o)
 .ARM.attributes
                0x00000d7e       0x2c /home/himanshu/ESL/gcc-arm-none-eabi/bin/../lib/gcc/arm-none-eabi/5.4.1/../../../../arm-none-eabi/lib/armv6-m/libc_nano.a(lib_a-nano-mallocr.o)
 .ARM.attributes
                0x00000daa       0x2c /home/himanshu/ESL/gcc-arm-none-eabi/bin/../lib/gcc/arm-none-eabi/5.4.1/../../../../arm-none-eabi/lib/armv6-m/libc_nano.a(lib_a-nano-vfprintf.o)
 .ARM.attributes
                0x00000dd6       0x2c /home/himanshu/ESL/gcc-arm-none-eabi/bin/../lib/gcc/arm-none-eabi/5.4.1/../../../../arm-none-eabi/lib/armv6-m/libc_nano.a(lib_a-nano-vfprintf_i.o)
 .ARM.attributes
                0x00000e02       0x2c /home/himanshu/ESL/gcc-arm-none-eabi/bin/../lib/gcc/arm-none-eabi/5.4.1/../../../../arm-none-eabi/lib/armv6-m/libc_nano.a(lib_a-printf.o)
 .ARM.attributes
                0x00000e2e       0x2c /home/himanshu/ESL/gcc-arm-none-eabi/bin/../lib/gcc/arm-none-eabi/5.4.1/../../../../arm-none-eabi/lib/armv6-m/libc_nano.a(lib_a-reent.o)
 .ARM.attributes
                0x00000e5a       0x2c /home/himanshu/ESL/gcc-arm-none-eabi/bin/../lib/gcc/arm-none-eabi/5.4.1/../../../../arm-none-eabi/lib/armv6-m/libc_nano.a(lib_a-sbrkr.o)
 .ARM.attributes
                0x00000e86       0x2c /home/himanshu/ESL/gcc-arm-none-eabi/bin/../lib/gcc/arm-none-eabi/5.4.1/../../../../arm-none-eabi/lib/armv6-m/libc_nano.a(lib_a-stdio.o)
 .ARM.attributes
                0x00000eb2       0x2c /home/himanshu/ESL/gcc-arm-none-eabi/bin/../lib/gcc/arm-none-eabi/5.4.1/../../../../arm-none-eabi/lib/armv6-m/libc_nano.a(lib_a-wbuf.o)
 .ARM.attributes
                0x00000ede       0x2c /home/himanshu/ESL/gcc-arm-none-eabi/bin/../lib/gcc/arm-none-eabi/5.4.1/../../../../arm-none-eabi/lib/armv6-m/libc_nano.a(lib_a-writer.o)
 .ARM.attributes
                0x00000f0a       0x2c /home/himanshu/ESL/gcc-arm-none-eabi/bin/../lib/gcc/arm-none-eabi/5.4.1/../../../../arm-none-eabi/lib/armv6-m/libc_nano.a(lib_a-wsetup.o)
 .ARM.attributes
                0x00000f36       0x2c /home/himanshu/ESL/gcc-arm-none-eabi/bin/../lib/gcc/arm-none-eabi/5.4.1/../../../../arm-none-eabi/lib/armv6-m/libc_nano.a(lib_a-closer.o)
 .ARM.attributes
                0x00000f62       0x2c /home/himanshu/ESL/gcc-arm-none-eabi/bin/../lib/gcc/arm-none-eabi/5.4.1/../../../../arm-none-eabi/lib/armv6-m/libc_nano.a(lib_a-fflush.o)
 .ARM.attributes
                0x00000f8e       0x2c /home/himanshu/ESL/gcc-arm-none-eabi/bin/../lib/gcc/arm-none-eabi/5.4.1/../../../../arm-none-eabi/lib/armv6-m/libc_nano.a(lib_a-findfp.o)
 .ARM.attributes
                0x00000fba       0x2c /home/himanshu/ESL/gcc-arm-none-eabi/bin/../lib/gcc/arm-none-eabi/5.4.1/../../../../arm-none-eabi/lib/armv6-m/libc_nano.a(lib_a-fstatr.o)
 .ARM.attributes
                0x00000fe6       0x2c /home/himanshu/ESL/gcc-arm-none-eabi/bin/../lib/gcc/arm-none-eabi/5.4.1/../../../../arm-none-eabi/lib/armv6-m/libc_nano.a(lib_a-fwalk.o)
 .ARM.attributes
                0x00001012       0x2c /home/himanshu/ESL/gcc-arm-none-eabi/bin/../lib/gcc/arm-none-eabi/5.4.1/../../../../arm-none-eabi/lib/armv6-m/libc_nano.a(lib_a-isattyr.o)
 .ARM.attributes
                0x0000103e       0x2c /home/himanshu/ESL/gcc-arm-none-eabi/bin/../lib/gcc/arm-none-eabi/5.4.1/../../../../arm-none-eabi/lib/armv6-m/libc_nano.a(lib_a-lseekr.o)
 .ARM.attributes
                0x0000106a       0x2c /home/himanshu/ESL/gcc-arm-none-eabi/bin/../lib/gcc/arm-none-eabi/5.4.1/../../../../arm-none-eabi/lib/armv6-m/libc_nano.a(lib_a-memchr-stub.o)
 .ARM.attributes
                0x00001096       0x2c /home/himanshu/ESL/gcc-arm-none-eabi/bin/../lib/gcc/arm-none-eabi/5.4.1/../../../../arm-none-eabi/lib/armv6-m/libc_nano.a(lib_a-mlock.o)
 .ARM.attributes
                0x000010c2       0x2c /home/himanshu/ESL/gcc-arm-none-eabi/bin/../lib/gcc/arm-none-eabi/5.4.1/../../../../arm-none-eabi/lib/armv6-m/libc_nano.a(lib_a-readr.o)
 .ARM.attributes
                0x000010ee       0x1e /home/himanshu/ESL/gcc-arm-none-eabi/bin/../lib/gcc/arm-none-eabi/5.4.1/armv6-m/crtn.o
 .ARM.attributes
                0x0000110c       0x2c /home/himanshu/ESL/gcc-arm-none-eabi/bin/../lib/gcc/arm-none-eabi/5.4.1/../../../../arm-none-eabi/lib/armv6-m/libnosys.a(close.o)
 .ARM.attributes
                0x00001138       0x2c /home/himanshu/ESL/gcc-arm-none-eabi/bin/../lib/gcc/arm-none-eabi/5.4.1/../../../../arm-none-eabi/lib/armv6-m/libnosys.a(fstat.o)
 .ARM.attributes
                0x00001164       0x2c /home/himanshu/ESL/gcc-arm-none-eabi/bin/../lib/gcc/arm-none-eabi/5.4.1/../../../../arm-none-eabi/lib/armv6-m/libnosys.a(isatty.o)
 .ARM.attributes
                0x00001190       0x2c /home/himanshu/ESL/gcc-arm-none-eabi/bin/../lib/gcc/arm-none-eabi/5.4.1/../../../../arm-none-eabi/lib/armv6-m/libnosys.a(lseek.o)
 .ARM.attributes
                0x000011bc       0x2c /home/himanshu/ESL/gcc-arm-none-eabi/bin/../lib/gcc/arm-none-eabi/5.4.1/../../../../arm-none-eabi/lib/armv6-m/libnosys.a(read.o)
 .ARM.attributes
                0x000011e8       0x2c /home/himanshu/ESL/gcc-arm-none-eabi/bin/../lib/gcc/arm-none-eabi/5.4.1/../../../../arm-none-eabi/lib/armv6-m/libnosys.a(sbrk.o)

.comment        0x00000000       0x6e
 .comment       0x00000000       0x6e _build/system_nrf51.o
                                 0x6f (size before relaxing)
 .comment       0x0000006e       0x6f _build/nrf_delay.o
 .comment       0x0000006e       0x6f _build/in4073.o
 .comment       0x0000006e       0x6f _build/control.o
 .comment       0x0000006e       0x6f _build/crc.o
 .comment       0x0000006e       0x6f _build/logger.o
 .comment       0x0000006e       0x6f _build/gpio.o
 .comment       0x0000006e       0x6f _build/timers.o
 .comment       0x0000006e       0x6f _build/uart.o
 .comment       0x0000006e       0x6f _build/queue.o
 .comment       0x0000006e       0x6f _build/twi.o
 .comment       0x0000006e       0x6f _build/adc.o
 .comment       0x0000006e       0x6f _build/baro.o
 .comment       0x0000006e       0x6f _build/ble.o
 .comment       0x0000006e       0x6f _build/spi_flash.o
 .comment       0x0000006e       0x6f _build/inv_mpu.o
 .comment       0x0000006e       0x6f _build/inv_mpu_dmp_motion_driver.o
 .comment       0x0000006e       0x6f _build/ml.o
 .comment       0x0000006e       0x6f _build/mpu_wrapper.o
 .comment       0x0000006e       0x6f _build/app_error.o
 .comment       0x0000006e       0x6f _build/app_timer.o
 .comment       0x0000006e       0x6f _build/softdevice_handler.o

.debug_frame    0x00000000      0xfb0
 .debug_frame   0x00000000       0x28 /home/himanshu/ESL/gcc-arm-none-eabi/bin/../lib/gcc/arm-none-eabi/5.4.1/../../../../arm-none-eabi/lib/armv6-m/libc_nano.a(lib_a-exit.o)
 .debug_frame   0x00000028       0x2c /home/himanshu/ESL/gcc-arm-none-eabi/bin/../lib/gcc/arm-none-eabi/5.4.1/../../../../arm-none-eabi/lib/armv6-m/libc_nano.a(lib_a-init.o)
 .debug_frame   0x00000054       0x20 /home/himanshu/ESL/gcc-arm-none-eabi/bin/../lib/gcc/arm-none-eabi/5.4.1/../../../../arm-none-eabi/lib/armv6-m/libc_nano.a(lib_a-memset.o)
 .debug_frame   0x00000074       0x20 /home/himanshu/ESL/gcc-arm-none-eabi/bin/../lib/gcc/arm-none-eabi/5.4.1/../../../../arm-none-eabi/lib/armv6-m/libnosys.a(_exit.o)
 .debug_frame   0x00000094       0x20 /home/himanshu/ESL/gcc-arm-none-eabi/bin/../lib/gcc/arm-none-eabi/5.4.1/../../../../arm-none-eabi/lib/armv6-m/libm.a(lib_a-s_fabs.o)
 .debug_frame   0x000000b4       0x3c /home/himanshu/ESL/gcc-arm-none-eabi/bin/../lib/gcc/arm-none-eabi/5.4.1/../../../../arm-none-eabi/lib/armv6-m/libm.a(lib_a-s_floor.o)
 .debug_frame   0x000000f0       0x38 /home/himanshu/ESL/gcc-arm-none-eabi/bin/../lib/gcc/arm-none-eabi/5.4.1/../../../../arm-none-eabi/lib/armv6-m/libm.a(lib_a-w_asin.o)
 .debug_frame   0x00000128       0x28 /home/himanshu/ESL/gcc-arm-none-eabi/bin/../lib/gcc/arm-none-eabi/5.4.1/../../../../arm-none-eabi/lib/armv6-m/libm.a(lib_a-w_atan2.o)
 .debug_frame   0x00000150       0x38 /home/himanshu/ESL/gcc-arm-none-eabi/bin/../lib/gcc/arm-none-eabi/5.4.1/../../../../arm-none-eabi/lib/armv6-m/libm.a(lib_a-w_sqrt.o)
 .debug_frame   0x00000188       0x38 /home/himanshu/ESL/gcc-arm-none-eabi/bin/../lib/gcc/arm-none-eabi/5.4.1/../../../../arm-none-eabi/lib/armv6-m/libm.a(lib_a-e_asin.o)
 .debug_frame   0x000001c0       0x38 /home/himanshu/ESL/gcc-arm-none-eabi/bin/../lib/gcc/arm-none-eabi/5.4.1/../../../../arm-none-eabi/lib/armv6-m/libm.a(lib_a-e_atan2.o)
 .debug_frame   0x000001f8       0x3c /home/himanshu/ESL/gcc-arm-none-eabi/bin/../lib/gcc/arm-none-eabi/5.4.1/../../../../arm-none-eabi/lib/armv6-m/libm.a(lib_a-e_sqrt.o)
 .debug_frame   0x00000234       0x3c /home/himanshu/ESL/gcc-arm-none-eabi/bin/../lib/gcc/arm-none-eabi/5.4.1/../../../../arm-none-eabi/lib/armv6-m/libm.a(lib_a-s_atan.o)
 .debug_frame   0x00000270       0x20 /home/himanshu/ESL/gcc-arm-none-eabi/bin/../lib/gcc/arm-none-eabi/5.4.1/../../../../arm-none-eabi/lib/armv6-m/libm.a(lib_a-s_matherr.o)
 .debug_frame   0x00000290       0x20 /home/himanshu/ESL/gcc-arm-none-eabi/bin/../lib/gcc/arm-none-eabi/5.4.1/../../../../arm-none-eabi/lib/armv6-m/libm.a(lib_a-s_nan.o)
 .debug_frame   0x000002b0       0x20 /home/himanshu/ESL/gcc-arm-none-eabi/bin/../lib/gcc/arm-none-eabi/5.4.1/armv6-m/libgcc.a(_udivsi3.o)
 .debug_frame   0x000002d0       0x20 /home/himanshu/ESL/gcc-arm-none-eabi/bin/../lib/gcc/arm-none-eabi/5.4.1/armv6-m/libgcc.a(_divsi3.o)
 .debug_frame   0x000002f0       0x34 /home/himanshu/ESL/gcc-arm-none-eabi/bin/../lib/gcc/arm-none-eabi/5.4.1/armv6-m/libgcc.a(_muldi3.o)
 .debug_frame   0x00000324       0x28 /home/himanshu/ESL/gcc-arm-none-eabi/bin/../lib/gcc/arm-none-eabi/5.4.1/armv6-m/libgcc.a(_fixunssfsi.o)
 .debug_frame   0x0000034c       0x2c /home/himanshu/ESL/gcc-arm-none-eabi/bin/../lib/gcc/arm-none-eabi/5.4.1/armv6-m/libgcc.a(_fixunsdfsi.o)
 .debug_frame   0x00000378       0x30 /home/himanshu/ESL/gcc-arm-none-eabi/bin/../lib/gcc/arm-none-eabi/5.4.1/armv6-m/libgcc.a(addsf3.o)
 .debug_frame   0x000003a8       0x3c /home/himanshu/ESL/gcc-arm-none-eabi/bin/../lib/gcc/arm-none-eabi/5.4.1/armv6-m/libgcc.a(divsf3.o)
 .debug_frame   0x000003e4       0x2c /home/himanshu/ESL/gcc-arm-none-eabi/bin/../lib/gcc/arm-none-eabi/5.4.1/armv6-m/libgcc.a(eqsf2.o)
 .debug_frame   0x00000410       0x30 /home/himanshu/ESL/gcc-arm-none-eabi/bin/../lib/gcc/arm-none-eabi/5.4.1/armv6-m/libgcc.a(gesf2.o)
 .debug_frame   0x00000440       0x30 /home/himanshu/ESL/gcc-arm-none-eabi/bin/../lib/gcc/arm-none-eabi/5.4.1/armv6-m/libgcc.a(lesf2.o)
 .debug_frame   0x00000470       0x38 /home/himanshu/ESL/gcc-arm-none-eabi/bin/../lib/gcc/arm-none-eabi/5.4.1/armv6-m/libgcc.a(mulsf3.o)
 .debug_frame   0x000004a8       0x30 /home/himanshu/ESL/gcc-arm-none-eabi/bin/../lib/gcc/arm-none-eabi/5.4.1/armv6-m/libgcc.a(subsf3.o)
 .debug_frame   0x000004d8       0x20 /home/himanshu/ESL/gcc-arm-none-eabi/bin/../lib/gcc/arm-none-eabi/5.4.1/armv6-m/libgcc.a(fixsfsi.o)
 .debug_frame   0x000004f8       0x2c /home/himanshu/ESL/gcc-arm-none-eabi/bin/../lib/gcc/arm-none-eabi/5.4.1/armv6-m/libgcc.a(floatsisf.o)
 .debug_frame   0x00000524       0x2c /home/himanshu/ESL/gcc-arm-none-eabi/bin/../lib/gcc/arm-none-eabi/5.4.1/armv6-m/libgcc.a(floatunsisf.o)
 .debug_frame   0x00000550       0x3c /home/himanshu/ESL/gcc-arm-none-eabi/bin/../lib/gcc/arm-none-eabi/5.4.1/armv6-m/libgcc.a(adddf3.o)
 .debug_frame   0x0000058c       0x3c /home/himanshu/ESL/gcc-arm-none-eabi/bin/../lib/gcc/arm-none-eabi/5.4.1/armv6-m/libgcc.a(divdf3.o)
 .debug_frame   0x000005c8       0x38 /home/himanshu/ESL/gcc-arm-none-eabi/bin/../lib/gcc/arm-none-eabi/5.4.1/armv6-m/libgcc.a(eqdf2.o)
 .debug_frame   0x00000600       0x38 /home/himanshu/ESL/gcc-arm-none-eabi/bin/../lib/gcc/arm-none-eabi/5.4.1/armv6-m/libgcc.a(gedf2.o)
 .debug_frame   0x00000638       0x38 /home/himanshu/ESL/gcc-arm-none-eabi/bin/../lib/gcc/arm-none-eabi/5.4.1/armv6-m/libgcc.a(ledf2.o)
 .debug_frame   0x00000670       0x3c /home/himanshu/ESL/gcc-arm-none-eabi/bin/../lib/gcc/arm-none-eabi/5.4.1/armv6-m/libgcc.a(muldf3.o)
 .debug_frame   0x000006ac       0x38 /home/himanshu/ESL/gcc-arm-none-eabi/bin/../lib/gcc/arm-none-eabi/5.4.1/armv6-m/libgcc.a(subdf3.o)
 .debug_frame   0x000006e4       0x2c /home/himanshu/ESL/gcc-arm-none-eabi/bin/../lib/gcc/arm-none-eabi/5.4.1/armv6-m/libgcc.a(unorddf2.o)
 .debug_frame   0x00000710       0x2c /home/himanshu/ESL/gcc-arm-none-eabi/bin/../lib/gcc/arm-none-eabi/5.4.1/armv6-m/libgcc.a(fixdfsi.o)
 .debug_frame   0x0000073c       0x2c /home/himanshu/ESL/gcc-arm-none-eabi/bin/../lib/gcc/arm-none-eabi/5.4.1/armv6-m/libgcc.a(floatsidf.o)
 .debug_frame   0x00000768       0x2c /home/himanshu/ESL/gcc-arm-none-eabi/bin/../lib/gcc/arm-none-eabi/5.4.1/armv6-m/libgcc.a(floatunsidf.o)
 .debug_frame   0x00000794       0x2c /home/himanshu/ESL/gcc-arm-none-eabi/bin/../lib/gcc/arm-none-eabi/5.4.1/armv6-m/libgcc.a(extendsfdf2.o)
 .debug_frame   0x000007c0       0x20 /home/himanshu/ESL/gcc-arm-none-eabi/bin/../lib/gcc/arm-none-eabi/5.4.1/../../../../arm-none-eabi/lib/armv6-m/libc_nano.a(lib_a-errno.o)
 .debug_frame   0x000007e0       0x54 /home/himanshu/ESL/gcc-arm-none-eabi/bin/../lib/gcc/arm-none-eabi/5.4.1/../../../../arm-none-eabi/lib/armv6-m/libc_nano.a(lib_a-makebuf.o)
 .debug_frame   0x00000834       0x2c /home/himanshu/ESL/gcc-arm-none-eabi/bin/../lib/gcc/arm-none-eabi/5.4.1/../../../../arm-none-eabi/lib/armv6-m/libc_nano.a(lib_a-memcmp.o)
 .debug_frame   0x00000860       0x28 /home/himanshu/ESL/gcc-arm-none-eabi/bin/../lib/gcc/arm-none-eabi/5.4.1/../../../../arm-none-eabi/lib/armv6-m/libc_nano.a(lib_a-memcpy-stub.o)
 .debug_frame   0x00000888       0x2c /home/himanshu/ESL/gcc-arm-none-eabi/bin/../lib/gcc/arm-none-eabi/5.4.1/../../../../arm-none-eabi/lib/armv6-m/libc_nano.a(lib_a-nano-freer.o)
 .debug_frame   0x000008b4       0x2c /home/himanshu/ESL/gcc-arm-none-eabi/bin/../lib/gcc/arm-none-eabi/5.4.1/../../../../arm-none-eabi/lib/armv6-m/libc_nano.a(lib_a-nano-mallocr.o)
 .debug_frame   0x000008e0       0x9c /home/himanshu/ESL/gcc-arm-none-eabi/bin/../lib/gcc/arm-none-eabi/5.4.1/../../../../arm-none-eabi/lib/armv6-m/libc_nano.a(lib_a-nano-vfprintf.o)
 .debug_frame   0x0000097c       0x54 /home/himanshu/ESL/gcc-arm-none-eabi/bin/../lib/gcc/arm-none-eabi/5.4.1/../../../../arm-none-eabi/lib/armv6-m/libc_nano.a(lib_a-nano-vfprintf_i.o)
 .debug_frame   0x000009d0       0x50 /home/himanshu/ESL/gcc-arm-none-eabi/bin/../lib/gcc/arm-none-eabi/5.4.1/../../../../arm-none-eabi/lib/armv6-m/libc_nano.a(lib_a-printf.o)
 .debug_frame   0x00000a20       0x48 /home/himanshu/ESL/gcc-arm-none-eabi/bin/../lib/gcc/arm-none-eabi/5.4.1/../../../../arm-none-eabi/lib/armv6-m/libc_nano.a(lib_a-reent.o)
 .debug_frame   0x00000a68       0x2c /home/himanshu/ESL/gcc-arm-none-eabi/bin/../lib/gcc/arm-none-eabi/5.4.1/../../../../arm-none-eabi/lib/armv6-m/libc_nano.a(lib_a-sbrkr.o)
 .debug_frame   0x00000a94       0x90 /home/himanshu/ESL/gcc-arm-none-eabi/bin/../lib/gcc/arm-none-eabi/5.4.1/../../../../arm-none-eabi/lib/armv6-m/libc_nano.a(lib_a-stdio.o)
 .debug_frame   0x00000b24       0x48 /home/himanshu/ESL/gcc-arm-none-eabi/bin/../lib/gcc/arm-none-eabi/5.4.1/../../../../arm-none-eabi/lib/armv6-m/libc_nano.a(lib_a-wbuf.o)
 .debug_frame   0x00000b6c       0x2c /home/himanshu/ESL/gcc-arm-none-eabi/bin/../lib/gcc/arm-none-eabi/5.4.1/../../../../arm-none-eabi/lib/armv6-m/libc_nano.a(lib_a-writer.o)
 .debug_frame   0x00000b98       0x2c /home/himanshu/ESL/gcc-arm-none-eabi/bin/../lib/gcc/arm-none-eabi/5.4.1/../../../../arm-none-eabi/lib/armv6-m/libc_nano.a(lib_a-wsetup.o)
 .debug_frame   0x00000bc4       0x2c /home/himanshu/ESL/gcc-arm-none-eabi/bin/../lib/gcc/arm-none-eabi/5.4.1/../../../../arm-none-eabi/lib/armv6-m/libc_nano.a(lib_a-closer.o)
 .debug_frame   0x00000bf0       0x68 /home/himanshu/ESL/gcc-arm-none-eabi/bin/../lib/gcc/arm-none-eabi/5.4.1/../../../../arm-none-eabi/lib/armv6-m/libc_nano.a(lib_a-fflush.o)
 .debug_frame   0x00000c58      0x140 /home/himanshu/ESL/gcc-arm-none-eabi/bin/../lib/gcc/arm-none-eabi/5.4.1/../../../../arm-none-eabi/lib/armv6-m/libc_nano.a(lib_a-findfp.o)
 .debug_frame   0x00000d98       0x2c /home/himanshu/ESL/gcc-arm-none-eabi/bin/../lib/gcc/arm-none-eabi/5.4.1/../../../../arm-none-eabi/lib/armv6-m/libc_nano.a(lib_a-fstatr.o)
 .debug_frame   0x00000dc4       0x58 /home/himanshu/ESL/gcc-arm-none-eabi/bin/../lib/gcc/arm-none-eabi/5.4.1/../../../../arm-none-eabi/lib/armv6-m/libc_nano.a(lib_a-fwalk.o)
 .debug_frame   0x00000e1c       0x2c /home/himanshu/ESL/gcc-arm-none-eabi/bin/../lib/gcc/arm-none-eabi/5.4.1/../../../../arm-none-eabi/lib/armv6-m/libc_nano.a(lib_a-isattyr.o)
 .debug_frame   0x00000e48       0x2c /home/himanshu/ESL/gcc-arm-none-eabi/bin/../lib/gcc/arm-none-eabi/5.4.1/../../../../arm-none-eabi/lib/armv6-m/libc_nano.a(lib_a-lseekr.o)
 .debug_frame   0x00000e74       0x20 /home/himanshu/ESL/gcc-arm-none-eabi/bin/../lib/gcc/arm-none-eabi/5.4.1/../../../../arm-none-eabi/lib/armv6-m/libc_nano.a(lib_a-memchr-stub.o)
 .debug_frame   0x00000e94       0x30 /home/himanshu/ESL/gcc-arm-none-eabi/bin/../lib/gcc/arm-none-eabi/5.4.1/../../../../arm-none-eabi/lib/armv6-m/libc_nano.a(lib_a-mlock.o)
 .debug_frame   0x00000ec4       0x2c /home/himanshu/ESL/gcc-arm-none-eabi/bin/../lib/gcc/arm-none-eabi/5.4.1/../../../../arm-none-eabi/lib/armv6-m/libc_nano.a(lib_a-readr.o)
 .debug_frame   0x00000ef0       0x20 /home/himanshu/ESL/gcc-arm-none-eabi/bin/../lib/gcc/arm-none-eabi/5.4.1/../../../../arm-none-eabi/lib/armv6-m/libnosys.a(close.o)
 .debug_frame   0x00000f10       0x20 /home/himanshu/ESL/gcc-arm-none-eabi/bin/../lib/gcc/arm-none-eabi/5.4.1/../../../../arm-none-eabi/lib/armv6-m/libnosys.a(fstat.o)
 .debug_frame   0x00000f30       0x20 /home/himanshu/ESL/gcc-arm-none-eabi/bin/../lib/gcc/arm-none-eabi/5.4.1/../../../../arm-none-eabi/lib/armv6-m/libnosys.a(isatty.o)
 .debug_frame   0x00000f50       0x20 /home/himanshu/ESL/gcc-arm-none-eabi/bin/../lib/gcc/arm-none-eabi/5.4.1/../../../../arm-none-eabi/lib/armv6-m/libnosys.a(lseek.o)
 .debug_frame   0x00000f70       0x20 /home/himanshu/ESL/gcc-arm-none-eabi/bin/../lib/gcc/arm-none-eabi/5.4.1/../../../../arm-none-eabi/lib/armv6-m/libnosys.a(read.o)
 .debug_frame   0x00000f90       0x20 /home/himanshu/ESL/gcc-arm-none-eabi/bin/../lib/gcc/arm-none-eabi/5.4.1/../../../../arm-none-eabi/lib/armv6-m/libnosys.a(sbrk.o)

.stab           0x00000000       0x84
 .stab          0x00000000       0x24 /home/himanshu/ESL/gcc-arm-none-eabi/bin/../lib/gcc/arm-none-eabi/5.4.1/../../../../arm-none-eabi/lib/armv6-m/libnosys.a(close.o)
 .stab          0x00000024       0x18 /home/himanshu/ESL/gcc-arm-none-eabi/bin/../lib/gcc/arm-none-eabi/5.4.1/../../../../arm-none-eabi/lib/armv6-m/libnosys.a(fstat.o)
                                 0x24 (size before relaxing)
 .stab          0x0000003c       0x18 /home/himanshu/ESL/gcc-arm-none-eabi/bin/../lib/gcc/arm-none-eabi/5.4.1/../../../../arm-none-eabi/lib/armv6-m/libnosys.a(isatty.o)
                                 0x24 (size before relaxing)
 .stab          0x00000054       0x18 /home/himanshu/ESL/gcc-arm-none-eabi/bin/../lib/gcc/arm-none-eabi/5.4.1/../../../../arm-none-eabi/lib/armv6-m/libnosys.a(lseek.o)
                                 0x24 (size before relaxing)
 .stab          0x0000006c       0x18 /home/himanshu/ESL/gcc-arm-none-eabi/bin/../lib/gcc/arm-none-eabi/5.4.1/../../../../arm-none-eabi/lib/armv6-m/libnosys.a(read.o)
                                 0x24 (size before relaxing)

.stabstr        0x00000000      0x14b
 .stabstr       0x00000000      0x14b /home/himanshu/ESL/gcc-arm-none-eabi/bin/../lib/gcc/arm-none-eabi/5.4.1/../../../../arm-none-eabi/lib/armv6-m/libnosys.a(close.o)
